2023-09-21T17:21:33.6471522Z Requested labels: macos-latest
2023-09-21T17:21:33.6471824Z Job defined at: PyTables/PyTables/.github/workflows/wheels.yml@refs/heads/releases/v3.9.0
2023-09-21T17:21:33.6471928Z Waiting for a runner to pick up this job...
2023-09-21T17:21:34.6019874Z Job is waiting for a hosted runner to come online.
2023-09-21T17:21:40.7709457Z Job is about to start running on the hosted runner: GitHub Actions 6 (hosted)
2023-09-21T17:21:43.5181300Z Current runner version: '2.309.0'
2023-09-21T17:21:43.5229010Z ##[group]Operating System
2023-09-21T17:21:43.5229650Z macOS
2023-09-21T17:21:43.5230010Z 12.6.8
2023-09-21T17:21:43.5230460Z 21G725
2023-09-21T17:21:43.5230790Z ##[endgroup]
2023-09-21T17:21:43.5231180Z ##[group]Runner Image
2023-09-21T17:21:43.5231600Z Image: macos-12
2023-09-21T17:21:43.5231920Z Version: 20230901.1
2023-09-21T17:21:43.5232570Z Included Software: https://github.com/actions/runner-images/blob/macOS-12/20230901.1/images/macos/macos-12-Readme.md
2023-09-21T17:21:43.5233280Z Image Release: https://github.com/actions/runner-images/releases/tag/macOS-12%2F20230901.1
2023-09-21T17:21:43.5233780Z ##[endgroup]
2023-09-21T17:21:43.5234140Z ##[group]Runner Image Provisioner
2023-09-21T17:21:43.5234540Z 2.0.299.1
2023-09-21T17:21:43.5234960Z ##[endgroup]
2023-09-21T17:21:43.5235670Z ##[group]GITHUB_TOKEN Permissions
2023-09-21T17:21:43.5237600Z Contents: read
2023-09-21T17:21:43.5238000Z Metadata: read
2023-09-21T17:21:43.5238730Z ##[endgroup]
2023-09-21T17:21:43.5243670Z Secret source: Actions
2023-09-21T17:21:43.5244350Z Prepare workflow directory
2023-09-21T17:21:43.6472330Z Prepare all required actions
2023-09-21T17:21:43.6742410Z Getting action download info
2023-09-21T17:21:43.8893000Z Download action repository 'actions/download-artifact@v3' (SHA:9bc31d5ccc31df68ecc42ccf4149144866c47d8a)
2023-09-21T17:21:44.9080520Z Download action repository 'actions/setup-python@v4' (SHA:61a6322f88396a6271a6ee3565807d608ecaddd1)
2023-09-21T17:21:45.9274710Z Complete job name: Test 3.9 x64 wheels for macos-latest
2023-09-21T17:21:46.1128070Z ##[group]Run actions/download-artifact@v3
2023-09-21T17:21:46.1128520Z with:
2023-09-21T17:21:46.1128830Z   path: ./wheelhouse/
2023-09-21T17:21:46.1129120Z ##[endgroup]
2023-09-21T17:21:47.9076100Z No artifact name specified, downloading all artifacts
2023-09-21T17:21:47.9076800Z Creating an extra directory for each artifact that is being downloaded
2023-09-21T17:21:48.0099180Z starting download of artifact artifact : 1/1
2023-09-21T17:21:48.1208820Z Total number of files that will be downloaded: 22
2023-09-21T17:21:49.1211910Z Total file count: 22 ---- Processed file #5 (22.7%)
2023-09-21T17:21:50.1217930Z Total file count: 22 ---- Processed file #9 (40.9%)
2023-09-21T17:21:51.1222530Z Total file count: 22 ---- Processed file #13 (59.0%)
2023-09-21T17:21:52.1219990Z Total file count: 22 ---- Processed file #16 (72.7%)
2023-09-21T17:21:53.1216170Z Total file count: 22 ---- Processed file #19 (86.3%)
2023-09-21T17:21:53.5736520Z There were 1 artifacts downloaded
2023-09-21T17:21:53.5737800Z Artifact artifact was downloaded to /Users/runner/work/PyTables/PyTables/wheelhouse/artifact
2023-09-21T17:21:53.5752970Z Artifact download has finished successfully
2023-09-21T17:21:53.6235180Z ##[group]Run actions/setup-python@v4
2023-09-21T17:21:53.6235770Z with:
2023-09-21T17:21:53.6236390Z   python-version: 3.9
2023-09-21T17:21:53.6237090Z   architecture: x64
2023-09-21T17:21:53.6237600Z   check-latest: false
2023-09-21T17:21:53.6238650Z   token: ***
2023-09-21T17:21:53.6239320Z   update-environment: true
2023-09-21T17:21:53.6239870Z   allow-prereleases: false
2023-09-21T17:21:53.6240570Z ##[endgroup]
2023-09-21T17:21:53.8501770Z ##[group]Installed versions
2023-09-21T17:21:53.8677030Z Successfully set up CPython (3.9.18)
2023-09-21T17:21:53.8678190Z ##[endgroup]
2023-09-21T17:21:53.9120740Z ##[group]Run python -m pip install --pre --find-links wheelhouse/artifact/ tables
2023-09-21T17:21:53.9121310Z [36;1mpython -m pip install --pre --find-links wheelhouse/artifact/ tables[0m
2023-09-21T17:21:53.9349550Z shell: /bin/bash -e {0}
2023-09-21T17:21:53.9349930Z env:
2023-09-21T17:21:53.9350270Z   pythonLocation: /Users/runner/hostedtoolcache/Python/3.9.18/x64
2023-09-21T17:21:53.9350720Z   PKG_CONFIG_PATH: /Users/runner/hostedtoolcache/Python/3.9.18/x64/lib/pkgconfig
2023-09-21T17:21:53.9351140Z   Python_ROOT_DIR: /Users/runner/hostedtoolcache/Python/3.9.18/x64
2023-09-21T17:21:53.9351490Z   Python2_ROOT_DIR: /Users/runner/hostedtoolcache/Python/3.9.18/x64
2023-09-21T17:21:53.9352960Z   Python3_ROOT_DIR: /Users/runner/hostedtoolcache/Python/3.9.18/x64
2023-09-21T17:21:53.9353320Z ##[endgroup]
2023-09-21T17:21:55.3199440Z Looking in links: wheelhouse/artifact/
2023-09-21T17:21:55.5183030Z Processing ./wheelhouse/artifact/tables-3.8.1.dev0-cp39-cp39-macosx_10_9_x86_64.whl
2023-09-21T17:21:56.2883520Z Collecting numpy>=1.19.0 (from tables)
2023-09-21T17:21:56.2887090Z   Obtaining dependency information for numpy>=1.19.0 from https://files.pythonhosted.org/packages/2a/11/c074f7530bac91294b09988c3ff7b024bf13bf6c19f751551fa1e700c27d/numpy-1.26.0-cp39-cp39-macosx_10_9_x86_64.whl.metadata
2023-09-21T17:21:56.3261500Z   Downloading numpy-1.26.0-cp39-cp39-macosx_10_9_x86_64.whl.metadata (53 kB)
2023-09-21T17:21:56.3407660Z      â”â”â”â”â”â”â”â”â”â”â”â”â”â”â”â”â”â”â”â”â”â”â”â”â”â”â”â”â”â”â”â”â”â”â”â”â”â”â”â” 53.5/53.5 kB 4.2 MB/s eta 0:00:00
2023-09-21T17:21:56.5529570Z Collecting numexpr>=2.6.2 (from tables)
2023-09-21T17:21:56.5533430Z   Obtaining dependency information for numexpr>=2.6.2 from https://files.pythonhosted.org/packages/3f/91/e8f47dd1ba2306cca5d2feff8fc36241668e3108209d772e0866beec2885/numexpr-2.8.6-cp39-cp39-macosx_10_9_x86_64.whl.metadata
2023-09-21T17:21:56.5654540Z   Downloading numexpr-2.8.6-cp39-cp39-macosx_10_9_x86_64.whl.metadata (8.0 kB)
2023-09-21T17:21:56.6337720Z Collecting packaging (from tables)
2023-09-21T17:21:56.6413490Z   Downloading packaging-23.1-py3-none-any.whl (48 kB)
2023-09-21T17:21:56.6556180Z      â”â”â”â”â”â”â”â”â”â”â”â”â”â”â”â”â”â”â”â”â”â”â”â”â”â”â”â”â”â”â”â”â”â”â”â”â”â”â”â” 48.9/48.9 kB 3.5 MB/s eta 0:00:00
2023-09-21T17:21:56.6899070Z Collecting py-cpuinfo (from tables)
2023-09-21T17:21:56.7014570Z   Downloading py_cpuinfo-9.0.0-py3-none-any.whl (22 kB)
2023-09-21T17:21:56.7521770Z Downloading numexpr-2.8.6-cp39-cp39-macosx_10_9_x86_64.whl (102 kB)
2023-09-21T17:21:56.7692760Z    â”â”â”â”â”â”â”â”â”â”â”â”â”â”â”â”â”â”â”â”â”â”â”â”â”â”â”â”â”â”â”â”â”â”â”â”â”â”â”â” 102.4/102.4 kB 6.7 MB/s eta 0:00:00
2023-09-21T17:21:56.7786070Z Downloading numpy-1.26.0-cp39-cp39-macosx_10_9_x86_64.whl (20.6 MB)
2023-09-21T17:21:57.5102600Z    â”â”â”â”â”â”â”â”â”â”â”â”â”â”â”â”â”â”â”â”â”â”â”â”â”â”â”â”â”â”â”â”â”â”â”â”â”â”â”â” 20.6/20.6 MB 19.6 MB/s eta 0:00:00
2023-09-21T17:21:57.7163290Z Installing collected packages: py-cpuinfo, packaging, numpy, numexpr, tables
2023-09-21T17:22:03.8309260Z Successfully installed numexpr-2.8.6 numpy-1.26.0 packaging-23.1 py-cpuinfo-9.0.0 tables-3.8.1.dev0
2023-09-21T17:22:04.0654290Z 
2023-09-21T17:22:04.0655480Z [notice] A new release of pip is available: 23.0.1 -> 23.2.1
2023-09-21T17:22:04.0656100Z [notice] To update, run: pip install --upgrade pip
2023-09-21T17:22:04.1952680Z ##[group]Run python -m tables.tests.test_all
2023-09-21T17:22:04.1953070Z [36;1mpython -m tables.tests.test_all[0m
2023-09-21T17:22:04.2158640Z shell: /bin/bash -e {0}
2023-09-21T17:22:04.2158970Z env:
2023-09-21T17:22:04.2159290Z   pythonLocation: /Users/runner/hostedtoolcache/Python/3.9.18/x64
2023-09-21T17:22:04.2159680Z   PKG_CONFIG_PATH: /Users/runner/hostedtoolcache/Python/3.9.18/x64/lib/pkgconfig
2023-09-21T17:22:04.2160080Z   Python_ROOT_DIR: /Users/runner/hostedtoolcache/Python/3.9.18/x64
2023-09-21T17:22:04.2160680Z   Python2_ROOT_DIR: /Users/runner/hostedtoolcache/Python/3.9.18/x64
2023-09-21T17:22:04.2161060Z   Python3_ROOT_DIR: /Users/runner/hostedtoolcache/Python/3.9.18/x64
2023-09-21T17:22:04.2161350Z ##[endgroup]
2023-09-21T17:22:15.3607580Z -=-=-=-=-=-=-=-=-=-=-=-=-=-=-=-=-=-=-=-=-=-=-=-=-=-=-=-=-=-=-=-=-=-=-=-=-=-=
2023-09-21T17:22:15.3608510Z PyTables version:    3.8.1.dev0
2023-09-21T17:22:15.3614000Z HDF5 version:        1.14.1-2
2023-09-21T17:22:15.3614970Z NumPy version:       1.26.0
2023-09-21T17:22:15.3615710Z Numexpr version:     2.8.6 (not using Intel's VML/MKL)
2023-09-21T17:22:15.3616520Z Zlib version:        1.2.11 (in Python interpreter)
2023-09-21T17:22:15.3617130Z LZO version:         2.10 (Mar 01 2017)
2023-09-21T17:22:15.3617900Z BZIP2 version:       1.0.8 (13-Jul-2019)
2023-09-21T17:22:15.3618640Z Blosc version:       1.21.4 (2023-05-16)
2023-09-21T17:22:15.3619270Z Blosc compressors:   blosclz (2.5.1), lz4 (1.9.4), lz4hc (1.9.4), zlib (1.2.13), zstd (1.5.5)
2023-09-21T17:22:15.3621080Z Blosc filters:       shuffle, bitshuffle
2023-09-21T17:22:15.3621700Z Blosc2 version:      2.10.3 (2023-09-13)
2023-09-21T17:22:15.3622740Z Blosc2 compressors:  blosclz (2.5.3), lz4 (1.9.4), lz4hc (1.9.4), zlib (1.2.11.zlib-ng), zstd (1.5.5)
2023-09-21T17:22:15.3623380Z Blosc2 filters:      shuffle, bitshuffle
2023-09-21T17:22:15.3623950Z Python version:      3.9.18 (main, Aug 28 2023, 08:38:55) 
2023-09-21T17:22:15.3624580Z [Clang 13.0.0 (clang-1300.0.29.30)]
2023-09-21T17:22:15.3625450Z Platform:            macOS-12.6.8-x86_64-i386-64bit
2023-09-21T17:22:15.3626120Z Byte-ordering:       little
2023-09-21T17:22:15.3626650Z Detected cores:      3
2023-09-21T17:22:15.3627370Z Default encoding:    utf-8
2023-09-21T17:22:15.3628120Z Default FS encoding: utf-8
2023-09-21T17:22:15.3628840Z Default locale:      (en_US, UTF-8)
2023-09-21T17:22:15.3629510Z -=-=-=-=-=-=-=-=-=-=-=-=-=-=-=-=-=-=-=-=-=-=-=-=-=-=-=-=-=-=-=-=-=-=-=-=-=-=
2023-09-21T17:22:21.1464920Z Performing only a light (yet comprehensive) subset of the test suite.
2023-09-21T17:22:21.1466470Z If you want a more complete test, try passing the --heavy flag to this script
2023-09-21T17:22:21.1467560Z (or set the 'heavy' parameter in case you are using tables.test() call).
2023-09-21T17:22:21.1468390Z The whole suite will take more than 4 hours to complete on a relatively
2023-09-21T17:22:21.1469100Z modern CPU and around 512 MB of main memory.
2023-09-21T17:22:21.1470020Z -=-=-=-=-=-=-=-=-=-=-=-=-=-=-=-=-=-=-=-=-=-=-=-=-=-=-=-=-=-=-=-=-=-=-=-=-=-=
2023-09-21T17:28:08.6865750Z .........................................................................................................................................................................................................................................................................................................................................................................................................................................................................................................................................................................................................................................................................................ss....................................................................................................................................................................................................................................................................................................................................................................................................................................................................................................................................................................................................................................................................................................................................................................................................................................................ssssssssssssssssssssssssssssssss.......................................................................................................................................................................................................................................................................................................................................................................................................................................................................................................................................................................................................................................................................................................................................................................................................................................................................................................................................................................................................................................................................................................................................................................................................................................................................................................................................................................................................................................................................................................................................................................................................................................................................................................................................................................sssss.....................................................................................sssss...............sssss....................................................................................................................................................................ssssss......................................................................................................................................................................................................................s................................................................................................................................................................................................................................................................................................s...s.....................................................................................................................................................................................................................................................................................................................................................................................................................................................................................................................................................................................................................................................................................................................................................................................................................................................................................................................................................................................................................................................................................................................................................................................................................................................................................................................................................................................................................................................................................................................................................................................................................................................................................................................................................................................................................................................................................................................................................................................................................................................................................................................................................................................................................................................................................................................................................................................................................................................................................................................................................................................................................................................................................................................................................................................................
2023-09-21T17:28:08.6880770Z ----------------------------------------------------------------------
2023-09-21T17:28:08.6881110Z Ran 6708 tests in 352.880s
2023-09-21T17:28:08.6881270Z 
2023-09-21T17:28:08.6881400Z OK (skipped=58)
2023-09-21T17:28:08.8294080Z Post job cleanup.
2023-09-21T17:28:09.0572290Z Cleaning up orphan processes
