2023-09-21T17:21:33.7513949Z Requested labels: ubuntu-latest
2023-09-21T17:21:33.7514285Z Job defined at: PyTables/PyTables/.github/workflows/wheels.yml@refs/heads/releases/v3.9.0
2023-09-21T17:21:33.7514440Z Waiting for a runner to pick up this job...
2023-09-21T17:21:34.8353652Z Job is waiting for a hosted runner to come online.
2023-09-21T17:21:37.3412183Z Job is about to start running on the hosted runner: GitHub Actions 8 (hosted)
2023-09-21T17:21:40.2700886Z Current runner version: '2.309.0'
2023-09-21T17:21:40.2730780Z ##[group]Operating System
2023-09-21T17:21:40.2731545Z Ubuntu
2023-09-21T17:21:40.2731836Z 22.04.3
2023-09-21T17:21:40.2732147Z LTS
2023-09-21T17:21:40.2732479Z ##[endgroup]
2023-09-21T17:21:40.2732778Z ##[group]Runner Image
2023-09-21T17:21:40.2733238Z Image: ubuntu-22.04
2023-09-21T17:21:40.2733585Z Version: 20230917.1.0
2023-09-21T17:21:40.2734091Z Included Software: https://github.com/actions/runner-images/blob/ubuntu22/20230917.1/images/linux/Ubuntu2204-Readme.md
2023-09-21T17:21:40.2734780Z Image Release: https://github.com/actions/runner-images/releases/tag/ubuntu22%2F20230917.1
2023-09-21T17:21:40.2735263Z ##[endgroup]
2023-09-21T17:21:40.2735655Z ##[group]Runner Image Provisioner
2023-09-21T17:21:40.2736023Z 2.0.299.1
2023-09-21T17:21:40.2736350Z ##[endgroup]
2023-09-21T17:21:40.2737012Z ##[group]GITHUB_TOKEN Permissions
2023-09-21T17:21:40.2738867Z Contents: read
2023-09-21T17:21:40.2739233Z Metadata: read
2023-09-21T17:21:40.2739769Z ##[endgroup]
2023-09-21T17:21:40.2743954Z Secret source: Actions
2023-09-21T17:21:40.2744491Z Prepare workflow directory
2023-09-21T17:21:40.3519578Z Prepare all required actions
2023-09-21T17:21:40.3713037Z Getting action download info
2023-09-21T17:21:40.5589138Z Download action repository 'actions/download-artifact@v3' (SHA:9bc31d5ccc31df68ecc42ccf4149144866c47d8a)
2023-09-21T17:21:40.8828811Z Download action repository 'actions/setup-python@v4' (SHA:61a6322f88396a6271a6ee3565807d608ecaddd1)
2023-09-21T17:21:41.2929171Z Complete job name: Test 3.9 x64 wheels for ubuntu-latest
2023-09-21T17:21:41.3914933Z ##[group]Run actions/download-artifact@v3
2023-09-21T17:21:41.3915402Z with:
2023-09-21T17:21:41.3915685Z   path: ./wheelhouse/
2023-09-21T17:21:41.3916139Z ##[endgroup]
2023-09-21T17:21:41.5963824Z No artifact name specified, downloading all artifacts
2023-09-21T17:21:41.5964400Z Creating an extra directory for each artifact that is being downloaded
2023-09-21T17:21:41.6551896Z starting download of artifact artifact : 1/1
2023-09-21T17:21:41.6997609Z Total number of files that will be downloaded: 22
2023-09-21T17:21:42.6998301Z Total file count: 22 ---- Processed file #7 (31.8%)
2023-09-21T17:21:43.7000598Z Total file count: 22 ---- Processed file #14 (63.6%)
2023-09-21T17:21:44.7214122Z Total file count: 22 ---- Processed file #21 (95.4%)
2023-09-21T17:21:44.7730773Z There were 1 artifacts downloaded
2023-09-21T17:21:44.7733245Z Artifact artifact was downloaded to /home/runner/work/PyTables/PyTables/wheelhouse/artifact
2023-09-21T17:21:44.7745342Z Artifact download has finished successfully
2023-09-21T17:21:44.8116912Z ##[group]Run actions/setup-python@v4
2023-09-21T17:21:44.8117191Z with:
2023-09-21T17:21:44.8117409Z   python-version: 3.9
2023-09-21T17:21:44.8117626Z   architecture: x64
2023-09-21T17:21:44.8117849Z   check-latest: false
2023-09-21T17:21:44.8118201Z   token: ***
2023-09-21T17:21:44.8118416Z   update-environment: true
2023-09-21T17:21:44.8118659Z   allow-prereleases: false
2023-09-21T17:21:44.8118890Z ##[endgroup]
2023-09-21T17:21:44.9970182Z ##[group]Installed versions
2023-09-21T17:21:45.0056192Z Successfully set up CPython (3.9.18)
2023-09-21T17:21:45.0056808Z ##[endgroup]
2023-09-21T17:21:45.0275017Z ##[group]Run python -m pip install --pre --find-links wheelhouse/artifact/ tables
2023-09-21T17:21:45.0275530Z [36;1mpython -m pip install --pre --find-links wheelhouse/artifact/ tables[0m
2023-09-21T17:21:45.0354844Z shell: /usr/bin/bash -e {0}
2023-09-21T17:21:45.0355151Z env:
2023-09-21T17:21:45.0355455Z   pythonLocation: /opt/hostedtoolcache/Python/3.9.18/x64
2023-09-21T17:21:45.0355819Z   PKG_CONFIG_PATH: /opt/hostedtoolcache/Python/3.9.18/x64/lib/pkgconfig
2023-09-21T17:21:45.0356169Z   Python_ROOT_DIR: /opt/hostedtoolcache/Python/3.9.18/x64
2023-09-21T17:21:45.0356474Z   Python2_ROOT_DIR: /opt/hostedtoolcache/Python/3.9.18/x64
2023-09-21T17:21:45.0356790Z   Python3_ROOT_DIR: /opt/hostedtoolcache/Python/3.9.18/x64
2023-09-21T17:21:45.0357111Z   LD_LIBRARY_PATH: /opt/hostedtoolcache/Python/3.9.18/x64/lib
2023-09-21T17:21:45.0357662Z ##[endgroup]
2023-09-21T17:21:45.7843998Z Looking in links: wheelhouse/artifact/
2023-09-21T17:21:45.9497049Z Processing ./wheelhouse/artifact/tables-3.8.1.dev0-cp39-cp39-manylinux_2_17_x86_64.manylinux2014_x86_64.whl
2023-09-21T17:21:46.3962143Z Collecting numpy>=1.19.0 (from tables)
2023-09-21T17:21:46.3964400Z   Obtaining dependency information for numpy>=1.19.0 from https://files.pythonhosted.org/packages/75/cd/7ae0f2cd3fc68aea6cfb2b7e523842e1fa953adb38efabc110d27ba6e423/numpy-1.26.0-cp39-cp39-manylinux_2_17_x86_64.manylinux2014_x86_64.whl.metadata
2023-09-21T17:21:46.4869192Z   Downloading numpy-1.26.0-cp39-cp39-manylinux_2_17_x86_64.manylinux2014_x86_64.whl.metadata (58 kB)
2023-09-21T17:21:46.5178683Z      â”â”â”â”â”â”â”â”â”â”â”â”â”â”â”â”â”â”â”â”â”â”â”â”â”â”â”â”â”â”â”â”â”â”â”â”â”â”â”â” 58.5/58.5 kB 1.8 MB/s eta 0:00:00
2023-09-21T17:21:46.6304992Z Collecting numexpr>=2.6.2 (from tables)
2023-09-21T17:21:46.6307539Z   Obtaining dependency information for numexpr>=2.6.2 from https://files.pythonhosted.org/packages/6a/5b/4e36b82a51e261d24240e113abc8567e283ccd41d07d2e4b58b19438bf25/numexpr-2.8.6-cp39-cp39-manylinux_2_17_x86_64.manylinux2014_x86_64.whl.metadata
2023-09-21T17:21:46.6364457Z   Downloading numexpr-2.8.6-cp39-cp39-manylinux_2_17_x86_64.manylinux2014_x86_64.whl.metadata (8.0 kB)
2023-09-21T17:21:46.6736065Z Collecting packaging (from tables)
2023-09-21T17:21:46.6774012Z   Downloading packaging-23.1-py3-none-any.whl (48 kB)
2023-09-21T17:21:46.6836855Z      â”â”â”â”â”â”â”â”â”â”â”â”â”â”â”â”â”â”â”â”â”â”â”â”â”â”â”â”â”â”â”â”â”â”â”â”â”â”â”â” 48.9/48.9 kB 10.2 MB/s eta 0:00:00
2023-09-21T17:21:46.7085101Z Collecting py-cpuinfo (from tables)
2023-09-21T17:21:46.7120062Z   Downloading py_cpuinfo-9.0.0-py3-none-any.whl (22 kB)
2023-09-21T17:21:46.7416744Z Downloading numexpr-2.8.6-cp39-cp39-manylinux_2_17_x86_64.manylinux2014_x86_64.whl (383 kB)
2023-09-21T17:21:46.7842905Z    â”â”â”â”â”â”â”â”â”â”â”â”â”â”â”â”â”â”â”â”â”â”â”â”â”â”â”â”â”â”â”â”â”â”â”â”â”â”â”â” 383.4/383.4 kB 9.3 MB/s eta 0:00:00
2023-09-21T17:21:46.7927128Z Downloading numpy-1.26.0-cp39-cp39-manylinux_2_17_x86_64.manylinux2014_x86_64.whl (18.2 MB)
2023-09-21T17:21:46.9449995Z    â”â”â”â”â”â”â”â”â”â”â”â”â”â”â”â”â”â”â”â”â”â”â”â”â”â”â”â”â”â”â”â”â”â”â”â”â”â”â”â” 18.2/18.2 MB 94.5 MB/s eta 0:00:00
2023-09-21T17:21:47.0679055Z Installing collected packages: py-cpuinfo, packaging, numpy, numexpr, tables
2023-09-21T17:21:49.9733910Z Successfully installed numexpr-2.8.6 numpy-1.26.0 packaging-23.1 py-cpuinfo-9.0.0 tables-3.8.1.dev0
2023-09-21T17:21:50.2050935Z 
2023-09-21T17:21:50.2051860Z [notice] A new release of pip is available: 23.0.1 -> 23.2.1
2023-09-21T17:21:50.2052328Z [notice] To update, run: pip install --upgrade pip
2023-09-21T17:21:50.3182106Z ##[group]Run python -m tables.tests.test_all
2023-09-21T17:21:50.3182432Z [36;1mpython -m tables.tests.test_all[0m
2023-09-21T17:21:50.3250373Z shell: /usr/bin/bash -e {0}
2023-09-21T17:21:50.3250605Z env:
2023-09-21T17:21:50.3250876Z   pythonLocation: /opt/hostedtoolcache/Python/3.9.18/x64
2023-09-21T17:21:50.3251253Z   PKG_CONFIG_PATH: /opt/hostedtoolcache/Python/3.9.18/x64/lib/pkgconfig
2023-09-21T17:21:50.3251602Z   Python_ROOT_DIR: /opt/hostedtoolcache/Python/3.9.18/x64
2023-09-21T17:21:50.3251945Z   Python2_ROOT_DIR: /opt/hostedtoolcache/Python/3.9.18/x64
2023-09-21T17:21:50.3252262Z   Python3_ROOT_DIR: /opt/hostedtoolcache/Python/3.9.18/x64
2023-09-21T17:21:50.3252584Z   LD_LIBRARY_PATH: /opt/hostedtoolcache/Python/3.9.18/x64/lib
2023-09-21T17:21:50.3252834Z ##[endgroup]
2023-09-21T17:21:51.8030770Z -=-=-=-=-=-=-=-=-=-=-=-=-=-=-=-=-=-=-=-=-=-=-=-=-=-=-=-=-=-=-=-=-=-=-=-=-=-=
2023-09-21T17:21:51.8031197Z PyTables version:    3.8.1.dev0
2023-09-21T17:21:51.8031601Z HDF5 version:        1.14.1-2
2023-09-21T17:21:51.8031831Z NumPy version:       1.26.0
2023-09-21T17:21:51.8032182Z Numexpr version:     2.8.6 (not using Intel's VML/MKL)
2023-09-21T17:21:51.8032498Z Zlib version:        1.2.11 (in Python interpreter)
2023-09-21T17:21:51.8032796Z LZO version:         2.06 (Aug 12 2011)
2023-09-21T17:21:51.8033105Z BZIP2 version:       1.0.6 (6-Sept-2010)
2023-09-21T17:21:51.8033410Z Blosc version:       1.21.4 (2023-05-16)
2023-09-21T17:21:51.8034041Z Blosc compressors:   blosclz (2.5.1), lz4 (1.9.4), lz4hc (1.9.4), zlib (1.2.13), zstd (1.5.5)
2023-09-21T17:21:51.8034366Z Blosc filters:       shuffle, bitshuffle
2023-09-21T17:21:51.8034683Z Blosc2 version:      2.10.3 (2023-09-13)
2023-09-21T17:21:51.8035118Z Blosc2 compressors:  blosclz (2.5.3), lz4 (1.9.4), lz4hc (1.9.4), zlib (1.2.11.zlib-ng), zstd (1.5.5)
2023-09-21T17:21:51.8035436Z Blosc2 filters:      shuffle, bitshuffle
2023-09-21T17:21:51.8035727Z Python version:      3.9.18 (main, Aug 28 2023, 08:38:32) 
2023-09-21T17:21:51.8035991Z [GCC 11.4.0]
2023-09-21T17:21:51.8036326Z Platform:            Linux-6.2.0-1011-azure-x86_64-with-glibc2.35
2023-09-21T17:21:51.8036649Z Byte-ordering:       little
2023-09-21T17:21:51.8036887Z Detected cores:      2
2023-09-21T17:21:51.8037142Z Default encoding:    utf-8
2023-09-21T17:21:51.8037387Z Default FS encoding: utf-8
2023-09-21T17:21:51.8037682Z Default locale:      (en_US, UTF-8)
2023-09-21T17:21:51.8038014Z -=-=-=-=-=-=-=-=-=-=-=-=-=-=-=-=-=-=-=-=-=-=-=-=-=-=-=-=-=-=-=-=-=-=-=-=-=-=
2023-09-21T17:21:55.9815078Z Performing only a light (yet comprehensive) subset of the test suite.
2023-09-21T17:21:55.9816353Z If you want a more complete test, try passing the --heavy flag to this script
2023-09-21T17:21:55.9817111Z (or set the 'heavy' parameter in case you are using tables.test() call).
2023-09-21T17:21:55.9817721Z The whole suite will take more than 4 hours to complete on a relatively
2023-09-21T17:21:55.9818517Z modern CPU and around 512 MB of main memory.
2023-09-21T17:21:55.9819104Z -=-=-=-=-=-=-=-=-=-=-=-=-=-=-=-=-=-=-=-=-=-=-=-=-=-=-=-=-=-=-=-=-=-=-=-=-=-=
2023-09-21T17:25:26.6596137Z .........................................................................................................................................................................................................................................................................................................................................................................................................................................................................................................................................................................................................................................................................................ss....................................................................................................................................................................................................................................................................................................................................................................................................................................................................................................................................................................................................................................................................................................................................................................................................................................................ssssssssssssssssssssssssssssssss.......................................................................................................................................................................................................................................................................................................................................................................................................................................................................................................................................................................................................................................................................................................................................................................................................................................................................................................................................................................................................................................................................................................................................................................................................................................................................................................................................................................................................................................................................................................................................................................................................................................................................................................................................................................sssss.....................................................................................sssss...............sssss....................................................................................................................................................................ssssss......................................................................................................................................................................................................................s................................................................................................................................................................................................................................................................................................s...s.....................................................................................................................................................................................................................................................................................................................................................................................................................................................................................................................................................................................................................................................................................................................................................................................................................................................................................................................................................................................................................................................................................................................................................................................................................................................................................................................................................................................................................................................................................................................................................................................................................................................................................................................................................................................................................................................................................................................................................................................................................................................................................................................................................................................................................................................................................................................................................................................................................................................................................................................................................................................................................................................................................................................................................................................................
2023-09-21T17:25:26.6609539Z ----------------------------------------------------------------------
2023-09-21T17:25:26.6609896Z Ran 6708 tests in 214.114s
2023-09-21T17:25:26.6610151Z 
2023-09-21T17:25:26.6610322Z OK (skipped=58)
2023-09-21T17:25:26.7504264Z Post job cleanup.
2023-09-21T17:25:26.9356062Z Cleaning up orphan processes
