2023-09-21T17:21:33.8603781Z Requested labels: windows-latest
2023-09-21T17:21:33.8604142Z Job defined at: PyTables/PyTables/.github/workflows/wheels.yml@refs/heads/releases/v3.9.0
2023-09-21T17:21:33.8604242Z Waiting for a runner to pick up this job...
2023-09-21T17:21:34.8357008Z Job is waiting for a hosted runner to come online.
2023-09-21T17:21:38.5017459Z Job is about to start running on the hosted runner: GitHub Actions 11 (hosted)
2023-09-21T17:21:43.4879383Z Current runner version: '2.309.0'
2023-09-21T17:21:43.4912985Z ##[group]Operating System
2023-09-21T17:21:43.4913691Z Microsoft Windows Server 2022
2023-09-21T17:21:43.4914095Z 10.0.20348
2023-09-21T17:21:43.4914402Z Datacenter
2023-09-21T17:21:43.4914769Z ##[endgroup]
2023-09-21T17:21:43.4915204Z ##[group]Runner Image
2023-09-21T17:21:43.4915561Z Image: windows-2022
2023-09-21T17:21:43.4915939Z Version: 20230918.1.0
2023-09-21T17:21:43.4916541Z Included Software: https://github.com/actions/runner-images/blob/win22/20230918.1/images/win/Windows2022-Readme.md
2023-09-21T17:21:43.4917247Z Image Release: https://github.com/actions/runner-images/releases/tag/win22%2F20230918.1
2023-09-21T17:21:43.4917790Z ##[endgroup]
2023-09-21T17:21:43.4918222Z ##[group]Runner Image Provisioner
2023-09-21T17:21:43.4918638Z 2.0.299.1
2023-09-21T17:21:43.4918937Z ##[endgroup]
2023-09-21T17:21:43.4919776Z ##[group]GITHUB_TOKEN Permissions
2023-09-21T17:21:43.4921650Z Contents: read
2023-09-21T17:21:43.4922248Z Metadata: read
2023-09-21T17:21:43.4922842Z ##[endgroup]
2023-09-21T17:21:43.4927058Z Secret source: Actions
2023-09-21T17:21:43.4927653Z Prepare workflow directory
2023-09-21T17:21:43.6043441Z Prepare all required actions
2023-09-21T17:21:43.6290020Z Getting action download info
2023-09-21T17:21:43.8596131Z Download action repository 'actions/download-artifact@v3' (SHA:9bc31d5ccc31df68ecc42ccf4149144866c47d8a)
2023-09-21T17:21:44.5214764Z Download action repository 'actions/setup-python@v4' (SHA:61a6322f88396a6271a6ee3565807d608ecaddd1)
2023-09-21T17:21:45.2926648Z Complete job name: Test 3.8 x64 wheels for windows-latest
2023-09-21T17:21:45.4846972Z ##[group]Run actions/download-artifact@v3
2023-09-21T17:21:45.4847537Z with:
2023-09-21T17:21:45.4847810Z   path: ./wheelhouse/
2023-09-21T17:21:45.4848112Z ##[endgroup]
2023-09-21T17:21:45.7896660Z No artifact name specified, downloading all artifacts
2023-09-21T17:21:45.7899748Z Creating an extra directory for each artifact that is being downloaded
2023-09-21T17:21:46.1818489Z starting download of artifact artifact : 1/1
2023-09-21T17:21:46.5392156Z Total number of files that will be downloaded: 22
2023-09-21T17:21:47.6693943Z Total file count: 22 ---- Processed file #1 (4.5%)
2023-09-21T17:21:48.5412546Z Total file count: 22 ---- Processed file #5 (22.7%)
2023-09-21T17:21:49.5400577Z Total file count: 22 ---- Processed file #7 (31.8%)
2023-09-21T17:21:50.5515830Z Total file count: 22 ---- Processed file #9 (40.9%)
2023-09-21T17:21:51.5504591Z Total file count: 22 ---- Processed file #11 (50.0%)
2023-09-21T17:21:52.5537476Z Total file count: 22 ---- Processed file #14 (63.6%)
2023-09-21T17:21:53.5547758Z Total file count: 22 ---- Processed file #16 (72.7%)
2023-09-21T17:21:54.5543811Z Total file count: 22 ---- Processed file #18 (81.8%)
2023-09-21T17:21:55.5554336Z Total file count: 22 ---- Processed file #20 (90.9%)
2023-09-21T17:21:56.1731122Z There were 1 artifacts downloaded
2023-09-21T17:21:56.1736003Z Artifact artifact was downloaded to D:\a\PyTables\PyTables\wheelhouse\artifact
2023-09-21T17:21:56.1751828Z Artifact download has finished successfully
2023-09-21T17:21:56.2327742Z ##[group]Run actions/setup-python@v4
2023-09-21T17:21:56.2328172Z with:
2023-09-21T17:21:56.2328416Z   python-version: 3.8
2023-09-21T17:21:56.2328694Z   architecture: x64
2023-09-21T17:21:56.2328961Z   check-latest: false
2023-09-21T17:21:56.2329419Z   token: ***
2023-09-21T17:21:56.2329686Z   update-environment: true
2023-09-21T17:21:56.2329990Z   allow-prereleases: false
2023-09-21T17:21:56.2330279Z ##[endgroup]
2023-09-21T17:21:56.5027552Z ##[group]Installed versions
2023-09-21T17:21:56.6992645Z Successfully set up CPython (3.8.10)
2023-09-21T17:21:56.6993953Z ##[endgroup]
2023-09-21T17:21:56.7655936Z ##[group]Run python -m pip install --pre --find-links wheelhouse/artifact/ tables
2023-09-21T17:21:56.7656625Z [36;1mpython -m pip install --pre --find-links wheelhouse/artifact/ tables[0m
2023-09-21T17:21:56.8283723Z shell: C:\Program Files\PowerShell\7\pwsh.EXE -command ". '{0}'"
2023-09-21T17:21:56.8286626Z env:
2023-09-21T17:21:56.8286989Z   pythonLocation: C:\hostedtoolcache\windows\Python\3.8.10\x64
2023-09-21T17:21:56.8287477Z   PKG_CONFIG_PATH: C:\hostedtoolcache\windows\Python\3.8.10\x64/lib/pkgconfig
2023-09-21T17:21:56.8287933Z   Python_ROOT_DIR: C:\hostedtoolcache\windows\Python\3.8.10\x64
2023-09-21T17:21:56.8288374Z   Python2_ROOT_DIR: C:\hostedtoolcache\windows\Python\3.8.10\x64
2023-09-21T17:21:56.8288814Z   Python3_ROOT_DIR: C:\hostedtoolcache\windows\Python\3.8.10\x64
2023-09-21T17:21:56.8289157Z ##[endgroup]
2023-09-21T17:22:10.8699437Z Looking in links: wheelhouse/artifact/
2023-09-21T17:22:11.4609102Z Processing d:\a\pytables\pytables\wheelhouse\artifact\tables-3.8.1.dev0-cp38-cp38-win_amd64.whl
2023-09-21T17:22:12.0871395Z Collecting numpy>=1.19.0 (from tables)
2023-09-21T17:22:12.0874618Z   Obtaining dependency information for numpy>=1.19.0 from https://files.pythonhosted.org/packages/69/65/0d47953afa0ad569d12de5f65d964321c208492064c38fe3b0b9744f8d44/numpy-1.24.4-cp38-cp38-win_amd64.whl.metadata
2023-09-21T17:22:12.1285560Z   Downloading numpy-1.24.4-cp38-cp38-win_amd64.whl.metadata (5.6 kB)
2023-09-21T17:22:12.2405738Z Collecting numexpr>=2.6.2 (from tables)
2023-09-21T17:22:12.2410507Z   Obtaining dependency information for numexpr>=2.6.2 from https://files.pythonhosted.org/packages/34/28/286d73ab378eefc99ef07b208c68d9be968518c8b0ce8067e438c1a84ef1/numexpr-2.8.6-cp38-cp38-win_amd64.whl.metadata
2023-09-21T17:22:12.2493413Z   Downloading numexpr-2.8.6-cp38-cp38-win_amd64.whl.metadata (8.2 kB)
2023-09-21T17:22:12.3260548Z Collecting packaging (from tables)
2023-09-21T17:22:12.3340531Z   Downloading packaging-23.1-py3-none-any.whl (48 kB)
2023-09-21T17:22:12.3593734Z      ---------------------------------------- 48.9/48.9 kB 1.2 MB/s eta 0:00:00
2023-09-21T17:22:12.3990034Z Collecting py-cpuinfo (from tables)
2023-09-21T17:22:12.4069844Z   Downloading py_cpuinfo-9.0.0-py3-none-any.whl (22 kB)
2023-09-21T17:22:12.4705342Z Downloading numexpr-2.8.6-cp38-cp38-win_amd64.whl (94 kB)
2023-09-21T17:22:12.4919287Z    ---------------------------------------- 95.0/95.0 kB 5.6 MB/s eta 0:00:00
2023-09-21T17:22:12.5052270Z Downloading numpy-1.24.4-cp38-cp38-win_amd64.whl (14.9 MB)
2023-09-21T17:22:12.7762782Z    ---------------------------------------- 14.9/14.9 MB 43.5 MB/s eta 0:00:00
2023-09-21T17:22:12.9263545Z Installing collected packages: py-cpuinfo, packaging, numpy, numexpr, tables
2023-09-21T17:22:20.6547727Z Successfully installed numexpr-2.8.6 numpy-1.24.4 packaging-23.1 py-cpuinfo-9.0.0 tables-3.8.1.dev0
2023-09-21T17:22:21.8303119Z ##[group]Run python -m tables.tests.test_all
2023-09-21T17:22:21.8303602Z [36;1mpython -m tables.tests.test_all[0m
2023-09-21T17:22:21.8356646Z shell: C:\Program Files\PowerShell\7\pwsh.EXE -command ". '{0}'"
2023-09-21T17:22:21.8357012Z env:
2023-09-21T17:22:21.8357358Z   pythonLocation: C:\hostedtoolcache\windows\Python\3.8.10\x64
2023-09-21T17:22:21.8357826Z   PKG_CONFIG_PATH: C:\hostedtoolcache\windows\Python\3.8.10\x64/lib/pkgconfig
2023-09-21T17:22:21.8358320Z   Python_ROOT_DIR: C:\hostedtoolcache\windows\Python\3.8.10\x64
2023-09-21T17:22:21.8358758Z   Python2_ROOT_DIR: C:\hostedtoolcache\windows\Python\3.8.10\x64
2023-09-21T17:22:21.8359197Z   Python3_ROOT_DIR: C:\hostedtoolcache\windows\Python\3.8.10\x64
2023-09-21T17:22:21.8359515Z ##[endgroup]
2023-09-21T17:22:25.2888429Z -=-=-=-=-=-=-=-=-=-=-=-=-=-=-=-=-=-=-=-=-=-=-=-=-=-=-=-=-=-=-=-=-=-=-=-=-=-=
2023-09-21T17:22:25.2889110Z PyTables version:    3.8.1.dev0
2023-09-21T17:22:25.2889772Z HDF5 version:        1.12.1
2023-09-21T17:22:25.2890198Z NumPy version:       1.24.4
2023-09-21T17:22:25.2890880Z Numexpr version:     2.8.6 (not using Intel's VML/MKL)
2023-09-21T17:22:25.2895377Z Zlib version:        1.2.11 (in Python interpreter)
2023-09-21T17:22:25.2896136Z Blosc version:       1.21.3 (2022-12-15)
2023-09-21T17:22:25.2896675Z Blosc compressors:   blosclz (2.5.1), lz4 (1.9.4), lz4hc (1.9.4), zlib (1.2.13), zstd (1.5.5)
2023-09-21T17:22:25.2898806Z Blosc filters:       shuffle, bitshuffle
2023-09-21T17:22:25.2899398Z Blosc2 version:      2.10.3 (2023-09-13)
2023-09-21T17:22:25.2900112Z Blosc2 compressors:  blosclz (2.5.3), lz4 (1.9.4), lz4hc (1.9.4), zlib (1.2.11.zlib-ng), zstd (1.5.5)
2023-09-21T17:22:25.2900640Z Blosc2 filters:      shuffle, bitshuffle
2023-09-21T17:22:25.2901179Z Python version:      3.8.10 (tags/v3.8.10:3d8993a, May  3 2021, 11:48:03) [MSC v.1928 64 bit (AMD64)]
2023-09-21T17:22:25.2901805Z Platform:            Windows-10-10.0.20348-SP0
2023-09-21T17:22:25.2902315Z Byte-ordering:       little
2023-09-21T17:22:25.2902712Z Detected cores:      2
2023-09-21T17:22:25.2903148Z Default encoding:    utf-8
2023-09-21T17:22:25.2903592Z Default FS encoding: utf-8
2023-09-21T17:22:25.2904003Z Default locale:      (en_US, cp1252)
2023-09-21T17:22:25.2904552Z -=-=-=-=-=-=-=-=-=-=-=-=-=-=-=-=-=-=-=-=-=-=-=-=-=-=-=-=-=-=-=-=-=-=-=-=-=-=
2023-09-21T17:22:26.4253946Z C:\hostedtoolcache\windows\Python\3.8.10\x64\lib\site-packages\tables\filters.py:321: FiltersWarning: compression library ``bzip2`` is not available; using ``zlib`` instead
2023-09-21T17:22:26.4254874Z   warnings.warn("compression library ``%s`` is not available; "
2023-09-21T17:22:26.4255833Z C:\hostedtoolcache\windows\Python\3.8.10\x64\lib\site-packages\tables\filters.py:321: FiltersWarning: compression library ``lzo`` is not available; using ``zlib`` instead
2023-09-21T17:22:26.4256570Z   warnings.warn("compression library ``%s`` is not available; "
2023-09-21T17:30:35.0905214Z .....................................................................................................................................................................................................................................................................................................................................................................................................................................................................................................................................................................................s.........................................................................................ss........ss.....................................................................................................sssss.............................................................................................................................................................................................................................................................................................................................................................................................................................................................................................................................................................................................................................................................................................................................................ssssssssssssssssssssssssssssssss................................................................................................................................ssssssssssssssssssssssssssssssssssssssssssssssssssssssssssssssss......................................................................................................................................................................................................................................................................................................................................................................................................................................................................................................................................................................................................................................................................................................................................................ssssss.....................................................................................................................................................................................................................................................................................................................................................................................................................................................sssssss........................................................ssssssssssssssssssssssssssss.....................................................................................................................................................................................ssssssssss............................................................sssss..........ssssssssssssssssssss.......................................................ssssssssss..........ssssssssss...............................................................................................................................................................ssssss............ssssssssssss..............................................................................................................................................................................................s................................................................................................................................................................................................................................................................................................s...s.........................................................................................................................................................................................................................................................................................................................................................................................................................................................................................................................................................................................................................................................................................................................................................................................................................................................................................................................................................................................................................................................................................................................................................................................................................................................................................................................................................................................................................................................................................................................................................................................................................................................................................................................................................................................................................................................................................................................................................................................................ssssssssssssssssssssssssssssssssssssssss....................................................................................................................................................................................................................................................................................................................................................................................................................................................................................................................................................................................................................................................................................................................................................
2023-09-21T17:30:35.0981990Z Performing only a light (yet comprehensive) subset of the test suite.
2023-09-21T17:30:35.0983889Z ----------------------------------------------------------------------
2023-09-21T17:30:35.0984672Z If you want a more complete test, try passing the --heavy flag to this script
2023-09-21T17:30:35.0987378Z Ran 6711 tests in 488.636s
2023-09-21T17:30:35.0988009Z (or set the 'heavy' parameter in case you are using tables.test() call).
2023-09-21T17:30:35.0990120Z The whole suite will take more than 4 hours to complete on a relatively
2023-09-21T17:30:35.0991049Z modern CPU and around 512 MB of main memory.
2023-09-21T17:30:35.0993397Z 
2023-09-21T17:30:35.0993779Z -=-=-=-=-=-=-=-=-=-=-=-=-=-=-=-=-=-=-=-=-=-=-=-=-=-=-=-=-=-=-=-=-=-=-=-=-=-=
2023-09-21T17:30:35.0995634Z OK (skipped=263)
2023-09-21T17:30:35.7129531Z Post job cleanup.
2023-09-21T17:30:35.9820777Z Cleaning up orphan processes
