2023-09-21T17:21:33.7761603Z Requested labels: windows-latest
2023-09-21T17:21:33.7761871Z Job defined at: PyTables/PyTables/.github/workflows/wheels.yml@refs/heads/releases/v3.9.0
2023-09-21T17:21:33.7762003Z Waiting for a runner to pick up this job...
2023-09-21T17:21:34.8355409Z Job is waiting for a hosted runner to come online.
2023-09-21T17:21:38.9700872Z Job is about to start running on the hosted runner: GitHub Actions 10 (hosted)
2023-09-21T17:21:43.7034547Z Current runner version: '2.309.0'
2023-09-21T17:21:43.7064309Z ##[group]Operating System
2023-09-21T17:21:43.7064912Z Microsoft Windows Server 2022
2023-09-21T17:21:43.7065304Z 10.0.20348
2023-09-21T17:21:43.7065657Z Datacenter
2023-09-21T17:21:43.7066000Z ##[endgroup]
2023-09-21T17:21:43.7066329Z ##[group]Runner Image
2023-09-21T17:21:43.7066720Z Image: windows-2022
2023-09-21T17:21:43.7067089Z Version: 20230918.1.0
2023-09-21T17:21:43.7067635Z Included Software: https://github.com/actions/runner-images/blob/win22/20230918.1/images/win/Windows2022-Readme.md
2023-09-21T17:21:43.7068375Z Image Release: https://github.com/actions/runner-images/releases/tag/win22%2F20230918.1
2023-09-21T17:21:43.7068904Z ##[endgroup]
2023-09-21T17:21:43.7069242Z ##[group]Runner Image Provisioner
2023-09-21T17:21:43.7069623Z 2.0.299.1
2023-09-21T17:21:43.7069951Z ##[endgroup]
2023-09-21T17:21:43.7070657Z ##[group]GITHUB_TOKEN Permissions
2023-09-21T17:21:43.7072390Z Contents: read
2023-09-21T17:21:43.7072988Z Metadata: read
2023-09-21T17:21:43.7073446Z ##[endgroup]
2023-09-21T17:21:43.7077391Z Secret source: Actions
2023-09-21T17:21:43.7077984Z Prepare workflow directory
2023-09-21T17:21:43.8200147Z Prepare all required actions
2023-09-21T17:21:43.8449396Z Getting action download info
2023-09-21T17:21:44.0612221Z Download action repository 'actions/download-artifact@v3' (SHA:9bc31d5ccc31df68ecc42ccf4149144866c47d8a)
2023-09-21T17:21:44.7452770Z Download action repository 'actions/setup-python@v4' (SHA:61a6322f88396a6271a6ee3565807d608ecaddd1)
2023-09-21T17:21:45.5095960Z Complete job name: Test 3.10 x64 wheels for windows-latest
2023-09-21T17:21:45.6836609Z ##[group]Run actions/download-artifact@v3
2023-09-21T17:21:45.6837152Z with:
2023-09-21T17:21:45.6837405Z   path: ./wheelhouse/
2023-09-21T17:21:45.6837790Z ##[endgroup]
2023-09-21T17:21:45.9803730Z No artifact name specified, downloading all artifacts
2023-09-21T17:21:45.9804313Z Creating an extra directory for each artifact that is being downloaded
2023-09-21T17:21:46.3736532Z starting download of artifact artifact : 1/1
2023-09-21T17:21:46.6986850Z Total number of files that will be downloaded: 22
2023-09-21T17:21:48.5182276Z Total file count: 22 ---- Processed file #1 (4.5%)
2023-09-21T17:21:48.6981947Z Total file count: 22 ---- Processed file #5 (22.7%)
2023-09-21T17:21:49.6992316Z Total file count: 22 ---- Processed file #7 (31.8%)
2023-09-21T17:21:50.6991626Z Total file count: 22 ---- Processed file #9 (40.9%)
2023-09-21T17:21:51.7090343Z Total file count: 22 ---- Processed file #13 (59.0%)
2023-09-21T17:21:52.7143773Z Total file count: 22 ---- Processed file #14 (63.6%)
2023-09-21T17:21:53.7147111Z Total file count: 22 ---- Processed file #16 (72.7%)
2023-09-21T17:21:54.7146985Z Total file count: 22 ---- Processed file #18 (81.8%)
2023-09-21T17:21:55.7162886Z Total file count: 22 ---- Processed file #21 (95.4%)
2023-09-21T17:21:55.9960472Z There were 1 artifacts downloaded
2023-09-21T17:21:55.9965102Z Artifact artifact was downloaded to D:\a\PyTables\PyTables\wheelhouse\artifact
2023-09-21T17:21:55.9983316Z Artifact download has finished successfully
2023-09-21T17:21:56.0626195Z ##[group]Run actions/setup-python@v4
2023-09-21T17:21:56.0626631Z with:
2023-09-21T17:21:56.0626900Z   python-version: 3.10
2023-09-21T17:21:56.0627182Z   architecture: x64
2023-09-21T17:21:56.0627454Z   check-latest: false
2023-09-21T17:21:56.0628011Z   token: ***
2023-09-21T17:21:56.0628285Z   update-environment: true
2023-09-21T17:21:56.0628608Z   allow-prereleases: false
2023-09-21T17:21:56.0628924Z ##[endgroup]
2023-09-21T17:21:56.3403044Z ##[group]Installed versions
2023-09-21T17:21:56.4009540Z Successfully set up CPython (3.10.11)
2023-09-21T17:21:56.4010735Z ##[endgroup]
2023-09-21T17:21:56.4384302Z ##[group]Run python -m pip install --pre --find-links wheelhouse/artifact/ tables
2023-09-21T17:21:56.4385048Z [36;1mpython -m pip install --pre --find-links wheelhouse/artifact/ tables[0m
2023-09-21T17:21:56.4521483Z shell: C:\Program Files\PowerShell\7\pwsh.EXE -command ". '{0}'"
2023-09-21T17:21:56.4523941Z env:
2023-09-21T17:21:56.4524292Z   pythonLocation: C:\hostedtoolcache\windows\Python\3.10.11\x64
2023-09-21T17:21:56.4524788Z   PKG_CONFIG_PATH: C:\hostedtoolcache\windows\Python\3.10.11\x64/lib/pkgconfig
2023-09-21T17:21:56.4525268Z   Python_ROOT_DIR: C:\hostedtoolcache\windows\Python\3.10.11\x64
2023-09-21T17:21:56.4525714Z   Python2_ROOT_DIR: C:\hostedtoolcache\windows\Python\3.10.11\x64
2023-09-21T17:21:56.4526139Z   Python3_ROOT_DIR: C:\hostedtoolcache\windows\Python\3.10.11\x64
2023-09-21T17:21:56.4526473Z ##[endgroup]
2023-09-21T17:22:00.8946058Z Looking in links: wheelhouse/artifact/
2023-09-21T17:22:01.2363171Z Processing d:\a\pytables\pytables\wheelhouse\artifact\tables-3.8.1.dev0-cp310-cp310-win_amd64.whl
2023-09-21T17:22:01.6221040Z Collecting numpy>=1.19.0 (from tables)
2023-09-21T17:22:01.6225210Z   Obtaining dependency information for numpy>=1.19.0 from https://files.pythonhosted.org/packages/cc/05/ef9fc04adda45d537619ea956bc33489f50a46badc949c4280d8309185ec/numpy-1.26.0-cp310-cp310-win_amd64.whl.metadata
2023-09-21T17:22:01.6641835Z   Downloading numpy-1.26.0-cp310-cp310-win_amd64.whl.metadata (61 kB)
2023-09-21T17:22:01.6935352Z      ---------------------------------------- 61.1/61.1 kB 1.6 MB/s eta 0:00:00
2023-09-21T17:22:01.7860816Z Collecting numexpr>=2.6.2 (from tables)
2023-09-21T17:22:01.7865961Z   Obtaining dependency information for numexpr>=2.6.2 from https://files.pythonhosted.org/packages/13/90/6ad47a1f46340196e703c07882017c7f9514f30da5263a5c3d43122598b9/numexpr-2.8.6-cp310-cp310-win_amd64.whl.metadata
2023-09-21T17:22:01.7943116Z   Downloading numexpr-2.8.6-cp310-cp310-win_amd64.whl.metadata (8.2 kB)
2023-09-21T17:22:01.8593136Z Collecting packaging (from tables)
2023-09-21T17:22:01.8670147Z   Downloading packaging-23.1-py3-none-any.whl (48 kB)
2023-09-21T17:22:01.8856665Z      ---------------------------------------- 48.9/48.9 kB 2.4 MB/s eta 0:00:00
2023-09-21T17:22:01.9270727Z Collecting py-cpuinfo (from tables)
2023-09-21T17:22:01.9325073Z   Downloading py_cpuinfo-9.0.0-py3-none-any.whl (22 kB)
2023-09-21T17:22:01.9783293Z Downloading numexpr-2.8.6-cp310-cp310-win_amd64.whl (94 kB)
2023-09-21T17:22:02.0119433Z    ---------------------------------------- 95.0/95.0 kB 2.7 MB/s eta 0:00:00
2023-09-21T17:22:02.0189771Z Downloading numpy-1.26.0-cp310-cp310-win_amd64.whl (15.8 MB)
2023-09-21T17:22:02.2903395Z    ---------------------------------------- 15.8/15.8 MB 43.7 MB/s eta 0:00:00
2023-09-21T17:22:02.4453282Z Installing collected packages: py-cpuinfo, packaging, numpy, numexpr, tables
2023-09-21T17:22:10.3547646Z Successfully installed numexpr-2.8.6 numpy-1.26.0 packaging-23.1 py-cpuinfo-9.0.0 tables-3.8.1.dev0
2023-09-21T17:22:11.4337424Z ##[group]Run python -m tables.tests.test_all
2023-09-21T17:22:11.4337897Z [36;1mpython -m tables.tests.test_all[0m
2023-09-21T17:22:11.4387247Z shell: C:\Program Files\PowerShell\7\pwsh.EXE -command ". '{0}'"
2023-09-21T17:22:11.4387603Z env:
2023-09-21T17:22:11.4387971Z   pythonLocation: C:\hostedtoolcache\windows\Python\3.10.11\x64
2023-09-21T17:22:11.4388443Z   PKG_CONFIG_PATH: C:\hostedtoolcache\windows\Python\3.10.11\x64/lib/pkgconfig
2023-09-21T17:22:11.4388917Z   Python_ROOT_DIR: C:\hostedtoolcache\windows\Python\3.10.11\x64
2023-09-21T17:22:11.4389363Z   Python2_ROOT_DIR: C:\hostedtoolcache\windows\Python\3.10.11\x64
2023-09-21T17:22:11.4389804Z   Python3_ROOT_DIR: C:\hostedtoolcache\windows\Python\3.10.11\x64
2023-09-21T17:22:11.4390127Z ##[endgroup]
2023-09-21T17:22:14.1566086Z -=-=-=-=-=-=-=-=-=-=-=-=-=-=-=-=-=-=-=-=-=-=-=-=-=-=-=-=-=-=-=-=-=-=-=-=-=-=
2023-09-21T17:22:14.1566702Z PyTables version:    3.8.1.dev0
2023-09-21T17:22:14.1567180Z HDF5 version:        1.12.1
2023-09-21T17:22:14.1567604Z NumPy version:       1.26.0
2023-09-21T17:22:14.1572232Z Numexpr version:     2.8.6 (not using Intel's VML/MKL)
2023-09-21T17:22:14.1572797Z Zlib version:        1.2.13 (in Python interpreter)
2023-09-21T17:22:14.1573337Z Blosc version:       1.21.4 (2023-05-16)
2023-09-21T17:22:14.1575206Z Blosc compressors:   blosclz (2.5.1), lz4 (1.9.4), lz4hc (1.9.4), zlib (1.2.13), zstd (1.5.5)
2023-09-21T17:22:14.1575694Z Blosc filters:       shuffle, bitshuffle
2023-09-21T17:22:14.1576213Z Blosc2 version:      2.10.3 (2023-09-13)
2023-09-21T17:22:14.1576844Z Blosc2 compressors:  blosclz (2.5.3), lz4 (1.9.4), lz4hc (1.9.4), zlib (1.2.11.zlib-ng), zstd (1.5.5)
2023-09-21T17:22:14.1577313Z Blosc2 filters:      shuffle, bitshuffle
2023-09-21T17:22:14.1577843Z Python version:      3.10.11 (tags/v3.10.11:7d4cc5a, Apr  5 2023, 00:38:17) [MSC v.1929 64 bit (AMD64)]
2023-09-21T17:22:14.1578415Z Platform:            Windows-10-10.0.20348-SP0
2023-09-21T17:22:14.1578877Z Byte-ordering:       little
2023-09-21T17:22:14.1579219Z Detected cores:      2
2023-09-21T17:22:14.1579705Z Default encoding:    utf-8
2023-09-21T17:22:14.1580097Z Default FS encoding: utf-8
2023-09-21T17:22:14.1580450Z Default locale:      (en_US, cp1252)
2023-09-21T17:22:14.1580946Z -=-=-=-=-=-=-=-=-=-=-=-=-=-=-=-=-=-=-=-=-=-=-=-=-=-=-=-=-=-=-=-=-=-=-=-=-=-=
2023-09-21T17:22:14.4834506Z C:\hostedtoolcache\windows\Python\3.10.11\x64\lib\site-packages\tables\filters.py:321: FiltersWarning: compression library ``bzip2`` is not available; using ``zlib`` instead
2023-09-21T17:22:14.4835681Z   warnings.warn("compression library ``%s`` is not available; "
2023-09-21T17:22:14.4836917Z C:\hostedtoolcache\windows\Python\3.10.11\x64\lib\site-packages\tables\filters.py:321: FiltersWarning: compression library ``lzo`` is not available; using ``zlib`` instead
2023-09-21T17:22:14.4837755Z   warnings.warn("compression library ``%s`` is not available; "
2023-09-21T17:28:58.2773974Z .....................................................................................................................................................................................................................................................................................................................................................................................................................................................................................................................................................................................s.........................................................................................ss........ss.....................................................................................................sssss.............................................................................................................................................................................................................................................................................................................................................................................................................................................................................................................................................................................................................................................................................................................................................ssssssssssssssssssssssssssssssss................................................................................................................................ssssssssssssssssssssssssssssssssssssssssssssssssssssssssssssssss......................................................................................................................................................................................................................................................................................................................................................................................................................................................................................................................................................................................................................................................................................................................................................ssssss.....................................................................................................................................................................................................................................................................................................................................................................................................................................................sssssss........................................................ssssssssssssssssssssssssssss.....................................................................................................................................................................................ssssssssss............................................................sssss..........ssssssssssssssssssss.......................................................ssssssssss..........ssssssssss...............................................................................................................................................................ssssss............ssssssssssss..............................................................................................................................................................................................s................................................................................................................................................................................................................................................................................................s...s.........................................................................................................................................................................................................................................................................................................................................................................................................................................................................................................................................................................................................................................................................................................................................................................................................................................................................................................................................................................................................................................................................................................................................................................................................................................................................................................................................................................................................................................................................................................................................................................................................................................................................................................................................................................................................................................................................................................................................................................................................ssssssssssssssssssssssssssssssssssssssss....................................................................................................................................................................................................................................................................................................................................................................................................................................................................................................................................................................................................................................................................................................................................................
2023-09-21T17:28:58.2852296Z ----------------------------------------------------------------------
2023-09-21T17:28:58.2853008Z Performing only a light (yet comprehensive) subset of the test suite.
2023-09-21T17:28:58.2860785Z Ran 6711 tests in 403.417s
2023-09-21T17:28:58.2861684Z If you want a more complete test, try passing the --heavy flag to this script
2023-09-21T17:28:58.2862426Z 
2023-09-21T17:28:58.2862923Z (or set the 'heavy' parameter in case you are using tables.test() call).
2023-09-21T17:28:58.2863601Z OK (skipped=263)
2023-09-21T17:28:58.2864069Z The whole suite will take more than 4 hours to complete on a relatively
2023-09-21T17:28:58.2864836Z modern CPU and around 512 MB of main memory.
2023-09-21T17:28:58.2865490Z -=-=-=-=-=-=-=-=-=-=-=-=-=-=-=-=-=-=-=-=-=-=-=-=-=-=-=-=-=-=-=-=-=-=-=-=-=-=
2023-09-21T17:28:58.9166307Z Post job cleanup.
2023-09-21T17:28:59.1886730Z Cleaning up orphan processes
