2023-09-21T17:21:33.5637201Z Requested labels: macos-latest
2023-09-21T17:21:33.5637490Z Job defined at: PyTables/PyTables/.github/workflows/wheels.yml@refs/heads/releases/v3.9.0
2023-09-21T17:21:33.5637595Z Waiting for a runner to pick up this job...
2023-09-21T17:21:34.6014928Z Job is waiting for a hosted runner to come online.
2023-09-21T17:21:41.9909751Z Job is about to start running on the hosted runner: GitHub Actions 3 (hosted)
2023-09-21T17:21:45.8135390Z Current runner version: '2.309.0'
2023-09-21T17:21:45.8173790Z ##[group]Operating System
2023-09-21T17:21:45.8174530Z macOS
2023-09-21T17:21:45.8174850Z 12.6.8
2023-09-21T17:21:45.8175200Z 21G725
2023-09-21T17:21:45.8175690Z ##[endgroup]
2023-09-21T17:21:45.8176060Z ##[group]Runner Image
2023-09-21T17:21:45.8176510Z Image: macos-12
2023-09-21T17:21:45.8176910Z Version: 20230901.1
2023-09-21T17:21:45.8177550Z Included Software: https://github.com/actions/runner-images/blob/macOS-12/20230901.1/images/macos/macos-12-Readme.md
2023-09-21T17:21:45.8178400Z Image Release: https://github.com/actions/runner-images/releases/tag/macOS-12%2F20230901.1
2023-09-21T17:21:45.8179160Z ##[endgroup]
2023-09-21T17:21:45.8179610Z ##[group]Runner Image Provisioner
2023-09-21T17:21:45.8180000Z 2.0.299.1
2023-09-21T17:21:45.8180370Z ##[endgroup]
2023-09-21T17:21:45.8181240Z ##[group]GITHUB_TOKEN Permissions
2023-09-21T17:21:45.8183190Z Contents: read
2023-09-21T17:21:45.8183660Z Metadata: read
2023-09-21T17:21:45.8184370Z ##[endgroup]
2023-09-21T17:21:45.8189510Z Secret source: Actions
2023-09-21T17:21:45.8190220Z Prepare workflow directory
2023-09-21T17:21:45.9379670Z Prepare all required actions
2023-09-21T17:21:45.9635350Z Getting action download info
2023-09-21T17:21:46.2623600Z Download action repository 'actions/download-artifact@v3' (SHA:9bc31d5ccc31df68ecc42ccf4149144866c47d8a)
2023-09-21T17:21:47.3794080Z Download action repository 'actions/setup-python@v4' (SHA:61a6322f88396a6271a6ee3565807d608ecaddd1)
2023-09-21T17:21:48.0692660Z Complete job name: Test 3.8 x64 wheels for macos-latest
2023-09-21T17:21:48.2324830Z ##[group]Run actions/download-artifact@v3
2023-09-21T17:21:48.2325230Z with:
2023-09-21T17:21:48.2325460Z   path: ./wheelhouse/
2023-09-21T17:21:48.2325910Z ##[endgroup]
2023-09-21T17:21:49.5049570Z No artifact name specified, downloading all artifacts
2023-09-21T17:21:49.5050400Z Creating an extra directory for each artifact that is being downloaded
2023-09-21T17:21:49.7984890Z starting download of artifact artifact : 1/1
2023-09-21T17:21:50.1293910Z Total number of files that will be downloaded: 22
2023-09-21T17:21:51.1295400Z Total file count: 22 ---- Processed file #1 (4.5%)
2023-09-21T17:21:52.1351670Z Total file count: 22 ---- Processed file #5 (22.7%)
2023-09-21T17:21:53.1312280Z Total file count: 22 ---- Processed file #7 (31.8%)
2023-09-21T17:21:54.1325640Z Total file count: 22 ---- Processed file #9 (40.9%)
2023-09-21T17:21:55.1333850Z Total file count: 22 ---- Processed file #10 (45.4%)
2023-09-21T17:21:56.1330850Z Total file count: 22 ---- Processed file #12 (54.5%)
2023-09-21T17:21:57.1330840Z Total file count: 22 ---- Processed file #13 (59.0%)
2023-09-21T17:21:58.1330240Z Total file count: 22 ---- Processed file #15 (68.1%)
2023-09-21T17:21:59.1331240Z Total file count: 22 ---- Processed file #17 (77.2%)
2023-09-21T17:22:00.1347300Z Total file count: 22 ---- Processed file #19 (86.3%)
2023-09-21T17:22:01.1343570Z Total file count: 22 ---- Processed file #21 (95.4%)
2023-09-21T17:22:01.2931080Z There were 1 artifacts downloaded
2023-09-21T17:22:01.2989780Z Artifact artifact was downloaded to /Users/runner/work/PyTables/PyTables/wheelhouse/artifact
2023-09-21T17:22:01.3090180Z Artifact download has finished successfully
2023-09-21T17:22:01.3537040Z ##[group]Run actions/setup-python@v4
2023-09-21T17:22:01.3537470Z with:
2023-09-21T17:22:01.3537840Z   python-version: 3.8
2023-09-21T17:22:01.3538410Z   architecture: x64
2023-09-21T17:22:01.3538890Z   check-latest: false
2023-09-21T17:22:01.3539400Z   token: ***
2023-09-21T17:22:01.3539780Z   update-environment: true
2023-09-21T17:22:01.3540240Z   allow-prereleases: false
2023-09-21T17:22:01.3540510Z ##[endgroup]
2023-09-21T17:22:01.7421260Z ##[group]Installed versions
2023-09-21T17:22:01.8201590Z Successfully set up CPython (3.8.18)
2023-09-21T17:22:01.8202630Z ##[endgroup]
2023-09-21T17:22:01.8519060Z ##[group]Run python -m pip install --pre --find-links wheelhouse/artifact/ tables
2023-09-21T17:22:01.8519590Z [36;1mpython -m pip install --pre --find-links wheelhouse/artifact/ tables[0m
2023-09-21T17:22:01.8758880Z shell: /bin/bash -e {0}
2023-09-21T17:22:01.8759220Z env:
2023-09-21T17:22:01.8759550Z   pythonLocation: /Users/runner/hostedtoolcache/Python/3.8.18/x64
2023-09-21T17:22:01.8759990Z   PKG_CONFIG_PATH: /Users/runner/hostedtoolcache/Python/3.8.18/x64/lib/pkgconfig
2023-09-21T17:22:01.8760400Z   Python_ROOT_DIR: /Users/runner/hostedtoolcache/Python/3.8.18/x64
2023-09-21T17:22:01.8760760Z   Python2_ROOT_DIR: /Users/runner/hostedtoolcache/Python/3.8.18/x64
2023-09-21T17:22:01.8761100Z   Python3_ROOT_DIR: /Users/runner/hostedtoolcache/Python/3.8.18/x64
2023-09-21T17:22:01.8761430Z ##[endgroup]
2023-09-21T17:22:04.3394550Z Looking in links: wheelhouse/artifact/
2023-09-21T17:22:04.5583120Z Processing ./wheelhouse/artifact/tables-3.8.1.dev0-cp38-cp38-macosx_10_9_x86_64.whl
2023-09-21T17:22:05.6388360Z Collecting numpy>=1.19.0 (from tables)
2023-09-21T17:22:05.6403690Z   Obtaining dependency information for numpy>=1.19.0 from https://files.pythonhosted.org/packages/11/10/943cfb579f1a02909ff96464c69893b1d25be3731b5d3652c2e0cf1281ea/numpy-1.24.4-cp38-cp38-macosx_10_9_x86_64.whl.metadata
2023-09-21T17:22:05.6815000Z   Downloading numpy-1.24.4-cp38-cp38-macosx_10_9_x86_64.whl.metadata (5.6 kB)
2023-09-21T17:22:06.3210360Z Collecting numexpr>=2.6.2 (from tables)
2023-09-21T17:22:06.3312690Z   Obtaining dependency information for numexpr>=2.6.2 from https://files.pythonhosted.org/packages/22/25/1c643b3c6cf9580aaa1c84cb148c7ddf60b390204931c03e91c7fbf89221/numexpr-2.8.6-cp38-cp38-macosx_10_9_x86_64.whl.metadata
2023-09-21T17:22:06.3487480Z   Downloading numexpr-2.8.6-cp38-cp38-macosx_10_9_x86_64.whl.metadata (8.0 kB)
2023-09-21T17:22:06.5794520Z Collecting packaging (from tables)
2023-09-21T17:22:06.7736870Z   Downloading packaging-23.1-py3-none-any.whl (48 kB)
2023-09-21T17:22:06.7801410Z      â”â”â”â”â”â”â”â”â”â”â”â”â”â”â”â”â”â”â”â”â”â”â”â”â”â”â”â”â”â”â”â”â”â”â”â”â”â”â”â” 48.9/48.9 kB 3.8 MB/s eta 0:00:00
2023-09-21T17:22:06.8204540Z Collecting py-cpuinfo (from tables)
2023-09-21T17:22:06.8339320Z   Downloading py_cpuinfo-9.0.0-py3-none-any.whl (22 kB)
2023-09-21T17:22:06.8982500Z Downloading numexpr-2.8.6-cp38-cp38-macosx_10_9_x86_64.whl (102 kB)
2023-09-21T17:22:06.9168340Z    â”â”â”â”â”â”â”â”â”â”â”â”â”â”â”â”â”â”â”â”â”â”â”â”â”â”â”â”â”â”â”â”â”â”â”â”â”â”â”â” 102.4/102.4 kB 6.2 MB/s eta 0:00:00
2023-09-21T17:22:06.9305770Z Downloading numpy-1.24.4-cp38-cp38-macosx_10_9_x86_64.whl (19.8 MB)
2023-09-21T17:22:07.5124250Z    â”â”â”â”â”â”â”â”â”â”â”â”â”â”â”â”â”â”â”â”â”â”â”â”â”â”â”â”â”â”â”â”â”â”â”â”â”â”â”â” 19.8/19.8 MB 38.6 MB/s eta 0:00:00
2023-09-21T17:22:07.6812840Z Installing collected packages: py-cpuinfo, packaging, numpy, numexpr, tables
2023-09-21T17:22:13.0092260Z Successfully installed numexpr-2.8.6 numpy-1.24.4 packaging-23.1 py-cpuinfo-9.0.0 tables-3.8.1.dev0
2023-09-21T17:22:13.2686770Z 
2023-09-21T17:22:13.2788250Z [notice] A new release of pip is available: 23.0.1 -> 23.2.1
2023-09-21T17:22:13.2888680Z [notice] To update, run: pip install --upgrade pip
2023-09-21T17:22:13.5802640Z ##[group]Run python -m tables.tests.test_all
2023-09-21T17:22:13.5803090Z [36;1mpython -m tables.tests.test_all[0m
2023-09-21T17:22:13.6037090Z shell: /bin/bash -e {0}
2023-09-21T17:22:13.6037430Z env:
2023-09-21T17:22:13.6037950Z   pythonLocation: /Users/runner/hostedtoolcache/Python/3.8.18/x64
2023-09-21T17:22:13.6038410Z   PKG_CONFIG_PATH: /Users/runner/hostedtoolcache/Python/3.8.18/x64/lib/pkgconfig
2023-09-21T17:22:13.6038790Z   Python_ROOT_DIR: /Users/runner/hostedtoolcache/Python/3.8.18/x64
2023-09-21T17:22:13.6039190Z   Python2_ROOT_DIR: /Users/runner/hostedtoolcache/Python/3.8.18/x64
2023-09-21T17:22:13.6039590Z   Python3_ROOT_DIR: /Users/runner/hostedtoolcache/Python/3.8.18/x64
2023-09-21T17:22:13.6040020Z ##[endgroup]
2023-09-21T17:22:24.5319380Z -=-=-=-=-=-=-=-=-=-=-=-=-=-=-=-=-=-=-=-=-=-=-=-=-=-=-=-=-=-=-=-=-=-=-=-=-=-=
2023-09-21T17:22:24.5320610Z PyTables version:    3.8.1.dev0
2023-09-21T17:22:24.5321670Z HDF5 version:        1.14.1-2
2023-09-21T17:22:24.5322220Z NumPy version:       1.24.4
2023-09-21T17:22:24.5323630Z Numexpr version:     2.8.6 (not using Intel's VML/MKL)
2023-09-21T17:22:24.5325800Z Zlib version:        1.2.11 (in Python interpreter)
2023-09-21T17:22:24.5326250Z LZO version:         2.10 (Mar 01 2017)
2023-09-21T17:22:24.5326760Z BZIP2 version:       1.0.8 (13-Jul-2019)
2023-09-21T17:22:24.5327180Z Blosc version:       1.21.4 (2023-05-16)
2023-09-21T17:22:24.5327760Z Blosc compressors:   blosclz (2.5.1), lz4 (1.9.4), lz4hc (1.9.4), zlib (1.2.13), zstd (1.5.5)
2023-09-21T17:22:24.5328160Z Blosc filters:       shuffle, bitshuffle
2023-09-21T17:22:24.5328580Z Blosc2 version:      2.10.3 (2023-09-13)
2023-09-21T17:22:24.5329170Z Blosc2 compressors:  blosclz (2.5.3), lz4 (1.9.4), lz4hc (1.9.4), zlib (1.2.11.zlib-ng), zstd (1.5.5)
2023-09-21T17:22:24.5329760Z Blosc2 filters:      shuffle, bitshuffle
2023-09-21T17:22:24.5330160Z Python version:      3.8.18 (default, Aug 28 2023, 08:24:51) 
2023-09-21T17:22:24.5330610Z [Clang 13.0.0 (clang-1300.0.29.30)]
2023-09-21T17:22:24.5331090Z Platform:            macOS-12.6.8-x86_64-i386-64bit
2023-09-21T17:22:24.5331540Z Byte-ordering:       little
2023-09-21T17:22:24.5332430Z Detected cores:      3
2023-09-21T17:22:24.5333200Z Default encoding:    utf-8
2023-09-21T17:22:24.5333820Z Default FS encoding: utf-8
2023-09-21T17:22:24.5334250Z Default locale:      (en_US, UTF-8)
2023-09-21T17:22:24.5334730Z -=-=-=-=-=-=-=-=-=-=-=-=-=-=-=-=-=-=-=-=-=-=-=-=-=-=-=-=-=-=-=-=-=-=-=-=-=-=
2023-09-21T17:22:31.4516650Z Performing only a light (yet comprehensive) subset of the test suite.
2023-09-21T17:22:31.4618530Z If you want a more complete test, try passing the --heavy flag to this script
2023-09-21T17:22:31.4720400Z (or set the 'heavy' parameter in case you are using tables.test() call).
2023-09-21T17:22:31.4822300Z The whole suite will take more than 4 hours to complete on a relatively
2023-09-21T17:22:31.4923810Z modern CPU and around 512 MB of main memory.
2023-09-21T17:22:31.5024440Z -=-=-=-=-=-=-=-=-=-=-=-=-=-=-=-=-=-=-=-=-=-=-=-=-=-=-=-=-=-=-=-=-=-=-=-=-=-=
2023-09-21T17:30:22.8268590Z .........................................................................................................................................................................................................................................................................................................................................................................................................................................................................................................................................................................................................................................................................................ss....................................................................................................................................................................................................................................................................................................................................................................................................................................................................................................................................................................................................................................................................................................................................................................................................................................................ssssssssssssssssssssssssssssssss.......................................................................................................................................................................................................................................................................................................................................................................................................................................................................................................................................................................................................................................................................................................................................................................................................................................................................................................................................................................................................................................................................................................................................................................................................................................................................................................................................................................................................................................................................................................................................................................................................................................................................................................................................................................sssss.....................................................................................sssss...............sssss....................................................................................................................................................................ssssss......................................................................................................................................................................................................................s................................................................................................................................................................................................................................................................................................s...s.....................................................................................................................................................................................................................................................................................................................................................................................................................................................................................................................................................................................................................................................................................................................................................................................................................................................................................................................................................................................................................................................................................................................................................................................................................................................................................................................................................................................................................................................................................................................................................................................................................................................................................................................................................................................................................................................................................................................................................................................................................................................................................................................................................................................................................................................................................................................................................................................................................................................................................................................................................................................................................................................................................................................................................................................................
2023-09-21T17:30:22.8298230Z ----------------------------------------------------------------------
2023-09-21T17:30:22.8299280Z Ran 6708 tests in 477.775s
2023-09-21T17:30:22.8299870Z 
2023-09-21T17:30:22.8300320Z OK (skipped=58)
2023-09-21T17:30:22.9684550Z Post job cleanup.
2023-09-21T17:30:23.2002800Z Cleaning up orphan processes
