2023-09-21T17:21:33.5658766Z Requested labels: macos-latest
2023-09-21T17:21:33.5659053Z Job defined at: PyTables/PyTables/.github/workflows/wheels.yml@refs/heads/releases/v3.9.0
2023-09-21T17:21:33.5659174Z Waiting for a runner to pick up this job...
2023-09-21T17:21:34.8338787Z Job is waiting for a hosted runner to come online.
2023-09-21T17:21:41.3228866Z Job is about to start running on the hosted runner: GitHub Actions 4 (hosted)
2023-09-21T17:21:44.5251140Z Current runner version: '2.309.0'
2023-09-21T17:21:44.5303430Z ##[group]Operating System
2023-09-21T17:21:44.5304150Z macOS
2023-09-21T17:21:44.5304590Z 12.6.8
2023-09-21T17:21:44.5304890Z 21G725
2023-09-21T17:21:44.5305250Z ##[endgroup]
2023-09-21T17:21:44.5305630Z ##[group]Runner Image
2023-09-21T17:21:44.5305990Z Image: macos-12
2023-09-21T17:21:44.5306430Z Version: 20230901.1
2023-09-21T17:21:44.5307010Z Included Software: https://github.com/actions/runner-images/blob/macOS-12/20230901.1/images/macos/macos-12-Readme.md
2023-09-21T17:21:44.5307640Z Image Release: https://github.com/actions/runner-images/releases/tag/macOS-12%2F20230901.1
2023-09-21T17:21:44.5308140Z ##[endgroup]
2023-09-21T17:21:44.5308540Z ##[group]Runner Image Provisioner
2023-09-21T17:21:44.5308950Z 2.0.299.1
2023-09-21T17:21:44.5309300Z ##[endgroup]
2023-09-21T17:21:44.5310060Z ##[group]GITHUB_TOKEN Permissions
2023-09-21T17:21:44.5311970Z Contents: read
2023-09-21T17:21:44.5312420Z Metadata: read
2023-09-21T17:21:44.5313070Z ##[endgroup]
2023-09-21T17:21:44.5318030Z Secret source: Actions
2023-09-21T17:21:44.5318780Z Prepare workflow directory
2023-09-21T17:21:44.6496920Z Prepare all required actions
2023-09-21T17:21:44.6757690Z Getting action download info
2023-09-21T17:21:44.9141500Z Download action repository 'actions/download-artifact@v3' (SHA:9bc31d5ccc31df68ecc42ccf4149144866c47d8a)
2023-09-21T17:21:45.7852860Z Download action repository 'actions/setup-python@v4' (SHA:61a6322f88396a6271a6ee3565807d608ecaddd1)
2023-09-21T17:21:46.6459590Z Complete job name: Test 3.10 x64 wheels for macos-latest
2023-09-21T17:21:46.8715720Z ##[group]Run actions/download-artifact@v3
2023-09-21T17:21:46.8716210Z with:
2023-09-21T17:21:46.8716470Z   path: ./wheelhouse/
2023-09-21T17:21:46.8716680Z ##[endgroup]
2023-09-21T17:21:48.2811180Z No artifact name specified, downloading all artifacts
2023-09-21T17:21:48.2811870Z Creating an extra directory for each artifact that is being downloaded
2023-09-21T17:21:48.3856370Z starting download of artifact artifact : 1/1
2023-09-21T17:21:48.4779220Z Total number of files that will be downloaded: 22
2023-09-21T17:21:49.4782190Z Total file count: 22 ---- Processed file #5 (22.7%)
2023-09-21T17:21:50.4777110Z Total file count: 22 ---- Processed file #9 (40.9%)
2023-09-21T17:21:51.4777160Z Total file count: 22 ---- Processed file #13 (59.0%)
2023-09-21T17:21:52.4780650Z Total file count: 22 ---- Processed file #17 (77.2%)
2023-09-21T17:21:53.3400670Z There were 1 artifacts downloaded
2023-09-21T17:21:53.3402930Z Artifact artifact was downloaded to /Users/runner/work/PyTables/PyTables/wheelhouse/artifact
2023-09-21T17:21:53.3416520Z Artifact download has finished successfully
2023-09-21T17:21:53.3868370Z ##[group]Run actions/setup-python@v4
2023-09-21T17:21:53.3868900Z with:
2023-09-21T17:21:53.3869200Z   python-version: 3.10
2023-09-21T17:21:53.3869450Z   architecture: x64
2023-09-21T17:21:53.3869720Z   check-latest: false
2023-09-21T17:21:53.3870170Z   token: ***
2023-09-21T17:21:53.3870950Z   update-environment: true
2023-09-21T17:21:53.3871460Z   allow-prereleases: false
2023-09-21T17:21:53.3872020Z ##[endgroup]
2023-09-21T17:21:53.6155020Z ##[group]Installed versions
2023-09-21T17:21:53.6315020Z Successfully set up CPython (3.10.13)
2023-09-21T17:21:53.6317160Z ##[endgroup]
2023-09-21T17:21:53.6770360Z ##[group]Run python -m pip install --pre --find-links wheelhouse/artifact/ tables
2023-09-21T17:21:53.6770940Z [36;1mpython -m pip install --pre --find-links wheelhouse/artifact/ tables[0m
2023-09-21T17:21:53.7006650Z shell: /bin/bash -e {0}
2023-09-21T17:21:53.7006930Z env:
2023-09-21T17:21:53.7007230Z   pythonLocation: /Users/runner/hostedtoolcache/Python/3.10.13/x64
2023-09-21T17:21:53.7007590Z   PKG_CONFIG_PATH: /Users/runner/hostedtoolcache/Python/3.10.13/x64/lib/pkgconfig
2023-09-21T17:21:53.7008000Z   Python_ROOT_DIR: /Users/runner/hostedtoolcache/Python/3.10.13/x64
2023-09-21T17:21:53.7008370Z   Python2_ROOT_DIR: /Users/runner/hostedtoolcache/Python/3.10.13/x64
2023-09-21T17:21:53.7008740Z   Python3_ROOT_DIR: /Users/runner/hostedtoolcache/Python/3.10.13/x64
2023-09-21T17:21:53.7010400Z ##[endgroup]
2023-09-21T17:21:54.9026700Z Looking in links: wheelhouse/artifact/
2023-09-21T17:21:55.0714770Z Processing ./wheelhouse/artifact/tables-3.8.1.dev0-cp310-cp310-macosx_10_9_x86_64.whl
2023-09-21T17:21:55.7848010Z Collecting numpy>=1.19.0 (from tables)
2023-09-21T17:21:55.7851150Z   Obtaining dependency information for numpy>=1.19.0 from https://files.pythonhosted.org/packages/be/f8/034752c5131c46e10364e4db241974f2eb6bb31bbfc4335344c19e17d909/numpy-1.26.0-cp310-cp310-macosx_10_9_x86_64.whl.metadata
2023-09-21T17:21:55.8209670Z   Downloading numpy-1.26.0-cp310-cp310-macosx_10_9_x86_64.whl.metadata (53 kB)
2023-09-21T17:21:55.8349870Z      â”â”â”â”â”â”â”â”â”â”â”â”â”â”â”â”â”â”â”â”â”â”â”â”â”â”â”â”â”â”â”â”â”â”â”â”â”â”â”â” 53.5/53.5 kB 4.5 MB/s eta 0:00:00
2023-09-21T17:21:56.0425030Z Collecting numexpr>=2.6.2 (from tables)
2023-09-21T17:21:56.0428160Z   Obtaining dependency information for numexpr>=2.6.2 from https://files.pythonhosted.org/packages/cc/c2/6ca2535a627be17db60ecd46e68d1f90aac21eb6886594671983fd4ae418/numexpr-2.8.6-cp310-cp310-macosx_10_9_x86_64.whl.metadata
2023-09-21T17:21:56.0614680Z   Downloading numexpr-2.8.6-cp310-cp310-macosx_10_9_x86_64.whl.metadata (8.0 kB)
2023-09-21T17:21:56.1233630Z Collecting packaging (from tables)
2023-09-21T17:21:56.1374250Z   Downloading packaging-23.1-py3-none-any.whl (48 kB)
2023-09-21T17:21:56.1458890Z      â”â”â”â”â”â”â”â”â”â”â”â”â”â”â”â”â”â”â”â”â”â”â”â”â”â”â”â”â”â”â”â”â”â”â”â”â”â”â”â” 48.9/48.9 kB 7.6 MB/s eta 0:00:00
2023-09-21T17:21:56.1739920Z Collecting py-cpuinfo (from tables)
2023-09-21T17:21:56.1823790Z   Downloading py_cpuinfo-9.0.0-py3-none-any.whl (22 kB)
2023-09-21T17:21:56.2278190Z Downloading numexpr-2.8.6-cp310-cp310-macosx_10_9_x86_64.whl (102 kB)
2023-09-21T17:21:56.2391410Z    â”â”â”â”â”â”â”â”â”â”â”â”â”â”â”â”â”â”â”â”â”â”â”â”â”â”â”â”â”â”â”â”â”â”â”â”â”â”â”â” 102.4/102.4 kB 11.9 MB/s eta 0:00:00
2023-09-21T17:21:56.2696620Z Downloading numpy-1.26.0-cp310-cp310-macosx_10_9_x86_64.whl (20.6 MB)
2023-09-21T17:21:56.8202670Z    â”â”â”â”â”â”â”â”â”â”â”â”â”â”â”â”â”â”â”â”â”â”â”â”â”â”â”â”â”â”â”â”â”â”â”â”â”â”â”â” 20.6/20.6 MB 31.3 MB/s eta 0:00:00
2023-09-21T17:21:56.9952940Z Installing collected packages: py-cpuinfo, packaging, numpy, numexpr, tables
2023-09-21T17:22:01.7364580Z Successfully installed numexpr-2.8.6 numpy-1.26.0 packaging-23.1 py-cpuinfo-9.0.0 tables-3.8.1.dev0
2023-09-21T17:22:01.9823700Z 
2023-09-21T17:22:01.9824650Z [notice] A new release of pip is available: 23.0.1 -> 23.2.1
2023-09-21T17:22:01.9825430Z [notice] To update, run: pip install --upgrade pip
2023-09-21T17:22:02.1075380Z ##[group]Run python -m tables.tests.test_all
2023-09-21T17:22:02.1075810Z [36;1mpython -m tables.tests.test_all[0m
2023-09-21T17:22:02.1304400Z shell: /bin/bash -e {0}
2023-09-21T17:22:02.1304640Z env:
2023-09-21T17:22:02.1305200Z   pythonLocation: /Users/runner/hostedtoolcache/Python/3.10.13/x64
2023-09-21T17:22:02.1305640Z   PKG_CONFIG_PATH: /Users/runner/hostedtoolcache/Python/3.10.13/x64/lib/pkgconfig
2023-09-21T17:22:02.1306010Z   Python_ROOT_DIR: /Users/runner/hostedtoolcache/Python/3.10.13/x64
2023-09-21T17:22:02.1306410Z   Python2_ROOT_DIR: /Users/runner/hostedtoolcache/Python/3.10.13/x64
2023-09-21T17:22:02.1306830Z   Python3_ROOT_DIR: /Users/runner/hostedtoolcache/Python/3.10.13/x64
2023-09-21T17:22:02.1307380Z ##[endgroup]
2023-09-21T17:22:13.0737420Z -=-=-=-=-=-=-=-=-=-=-=-=-=-=-=-=-=-=-=-=-=-=-=-=-=-=-=-=-=-=-=-=-=-=-=-=-=-=
2023-09-21T17:22:13.0738070Z PyTables version:    3.8.1.dev0
2023-09-21T17:22:13.0738510Z HDF5 version:        1.14.1-2
2023-09-21T17:22:13.0739260Z NumPy version:       1.26.0
2023-09-21T17:22:13.0739750Z Numexpr version:     2.8.6 (not using Intel's VML/MKL)
2023-09-21T17:22:13.0740130Z Zlib version:        1.2.11 (in Python interpreter)
2023-09-21T17:22:13.0740460Z LZO version:         2.10 (Mar 01 2017)
2023-09-21T17:22:13.0741120Z BZIP2 version:       1.0.8 (13-Jul-2019)
2023-09-21T17:22:13.0741560Z Blosc version:       1.21.4 (2023-05-16)
2023-09-21T17:22:13.0741920Z Blosc compressors:   blosclz (2.5.1), lz4 (1.9.4), lz4hc (1.9.4), zlib (1.2.13), zstd (1.5.5)
2023-09-21T17:22:13.0742290Z Blosc filters:       shuffle, bitshuffle
2023-09-21T17:22:13.0743980Z Blosc2 version:      2.10.3 (2023-09-13)
2023-09-21T17:22:13.0744680Z Blosc2 compressors:  blosclz (2.5.3), lz4 (1.9.4), lz4hc (1.9.4), zlib (1.2.11.zlib-ng), zstd (1.5.5)
2023-09-21T17:22:13.0745090Z Blosc2 filters:      shuffle, bitshuffle
2023-09-21T17:22:13.0745580Z Python version:      3.10.13 (main, Aug 28 2023, 08:29:32) [Clang 13.0.0 (clang-1300.0.29.30)]
2023-09-21T17:22:13.0746080Z Platform:            macOS-12.6.8-x86_64-i386-64bit
2023-09-21T17:22:13.0746490Z Byte-ordering:       little
2023-09-21T17:22:13.0746970Z Detected cores:      3
2023-09-21T17:22:13.0747310Z Default encoding:    utf-8
2023-09-21T17:22:13.0747660Z Default FS encoding: utf-8
2023-09-21T17:22:13.0748060Z Default locale:      (en_US, UTF-8)
2023-09-21T17:22:13.0748590Z -=-=-=-=-=-=-=-=-=-=-=-=-=-=-=-=-=-=-=-=-=-=-=-=-=-=-=-=-=-=-=-=-=-=-=-=-=-=
2023-09-21T17:22:20.8826520Z Performing only a light (yet comprehensive) subset of the test suite.
2023-09-21T17:22:20.8828070Z If you want a more complete test, try passing the --heavy flag to this script
2023-09-21T17:22:20.8829080Z (or set the 'heavy' parameter in case you are using tables.test() call).
2023-09-21T17:22:20.8829930Z The whole suite will take more than 4 hours to complete on a relatively
2023-09-21T17:22:20.8830710Z modern CPU and around 512 MB of main memory.
2023-09-21T17:22:20.8831740Z -=-=-=-=-=-=-=-=-=-=-=-=-=-=-=-=-=-=-=-=-=-=-=-=-=-=-=-=-=-=-=-=-=-=-=-=-=-=
2023-09-21T17:29:33.2998280Z .........................................................................................................................................................................................................................................................................................................................................................................................................................................................................................................................................................................................................................................................................................ss....................................................................................................................................................................................................................................................................................................................................................................................................................................................................................................................................................................................................................................................................................................................................................................................................................................................ssssssssssssssssssssssssssssssss.......................................................................................................................................................................................................................................................................................................................................................................................................................................................................................................................................................................................................................................................................................................................................................................................................................................................................................................................................................................................................................................................................................................................................................................................................................................................................................................................................................................................................................................................................................................................................................................................................................................................................................................................................................................sssss.....................................................................................sssss...............sssss....................................................................................................................................................................ssssss......................................................................................................................................................................................................................s................................................................................................................................................................................................................................................................................................s...s.....................................................................................................................................................................................................................................................................................................................................................................................................................................................................................................................................................................................................................................................................................................................................................................................................................................................................................................................................................................................................................................................................................................................................................................................................................................................................................................................................................................................................................................................................................................................................................................................................................................................................................................................................................................................................................................................................................................................................................................................................................................................................................................................................................................................................................................................................................................................................................................................................................................................................................................................................................................................................................................................................................................................................................................................................
2023-09-21T17:29:33.3012880Z ----------------------------------------------------------------------
2023-09-21T17:29:33.3013540Z Ran 6708 tests in 439.687s
2023-09-21T17:29:33.3013880Z 
2023-09-21T17:29:33.3013970Z OK (skipped=58)
2023-09-21T17:29:33.4622460Z Post job cleanup.
2023-09-21T17:29:33.6852690Z Cleaning up orphan processes
