2023-09-21T17:21:33.5622992Z Requested labels: macos-latest
2023-09-21T17:21:33.5623276Z Job defined at: PyTables/PyTables/.github/workflows/wheels.yml@refs/heads/releases/v3.9.0
2023-09-21T17:21:33.5623384Z Waiting for a runner to pick up this job...
2023-09-21T17:21:34.6023389Z Job is waiting for a hosted runner to come online.
2023-09-21T17:21:41.3219930Z Job is about to start running on the hosted runner: GitHub Actions 2 (hosted)
2023-09-21T17:21:44.3745760Z Current runner version: '2.309.0'
2023-09-21T17:21:44.3783640Z ##[group]Operating System
2023-09-21T17:21:44.3784340Z macOS
2023-09-21T17:21:44.3784640Z 12.6.8
2023-09-21T17:21:44.3785100Z 21G725
2023-09-21T17:21:44.3785480Z ##[endgroup]
2023-09-21T17:21:44.3785810Z ##[group]Runner Image
2023-09-21T17:21:44.3786230Z Image: macos-12
2023-09-21T17:21:44.3786600Z Version: 20230901.1
2023-09-21T17:21:44.3787200Z Included Software: https://github.com/actions/runner-images/blob/macOS-12/20230901.1/images/macos/macos-12-Readme.md
2023-09-21T17:21:44.3787910Z Image Release: https://github.com/actions/runner-images/releases/tag/macOS-12%2F20230901.1
2023-09-21T17:21:44.3788410Z ##[endgroup]
2023-09-21T17:21:44.3788810Z ##[group]Runner Image Provisioner
2023-09-21T17:21:44.3789160Z 2.0.299.1
2023-09-21T17:21:44.3789590Z ##[endgroup]
2023-09-21T17:21:44.3790310Z ##[group]GITHUB_TOKEN Permissions
2023-09-21T17:21:44.3792230Z Contents: read
2023-09-21T17:21:44.3792670Z Metadata: read
2023-09-21T17:21:44.3793440Z ##[endgroup]
2023-09-21T17:21:44.3798290Z Secret source: Actions
2023-09-21T17:21:44.3799060Z Prepare workflow directory
2023-09-21T17:21:44.4945880Z Prepare all required actions
2023-09-21T17:21:44.5198280Z Getting action download info
2023-09-21T17:21:44.6948680Z Download action repository 'actions/download-artifact@v3' (SHA:9bc31d5ccc31df68ecc42ccf4149144866c47d8a)
2023-09-21T17:21:45.5756310Z Download action repository 'actions/setup-python@v4' (SHA:61a6322f88396a6271a6ee3565807d608ecaddd1)
2023-09-21T17:21:46.1241940Z Complete job name: Test 3.11 x64 wheels for macos-latest
2023-09-21T17:21:46.2880350Z ##[group]Run actions/download-artifact@v3
2023-09-21T17:21:46.2880830Z with:
2023-09-21T17:21:46.2881110Z   path: ./wheelhouse/
2023-09-21T17:21:46.2881390Z ##[endgroup]
2023-09-21T17:21:47.5768190Z No artifact name specified, downloading all artifacts
2023-09-21T17:21:47.5768870Z Creating an extra directory for each artifact that is being downloaded
2023-09-21T17:21:47.6361830Z starting download of artifact artifact : 1/1
2023-09-21T17:21:47.6802180Z Total number of files that will be downloaded: 22
2023-09-21T17:21:48.7002230Z Total file count: 22 ---- Processed file #5 (22.7%)
2023-09-21T17:21:49.6800400Z Total file count: 22 ---- Processed file #9 (40.9%)
2023-09-21T17:21:50.6811290Z Total file count: 22 ---- Processed file #15 (68.1%)
2023-09-21T17:21:51.6810320Z Total file count: 22 ---- Processed file #19 (86.3%)
2023-09-21T17:21:52.0063850Z There were 1 artifacts downloaded
2023-09-21T17:21:52.0065250Z Artifact artifact was downloaded to /Users/runner/work/PyTables/PyTables/wheelhouse/artifact
2023-09-21T17:21:52.0079730Z Artifact download has finished successfully
2023-09-21T17:21:52.0563510Z ##[group]Run actions/setup-python@v4
2023-09-21T17:21:52.0563920Z with:
2023-09-21T17:21:52.0564210Z   python-version: 3.11
2023-09-21T17:21:52.0564470Z   architecture: x64
2023-09-21T17:21:52.0564770Z   check-latest: false
2023-09-21T17:21:52.0565390Z   token: ***
2023-09-21T17:21:52.0565680Z   update-environment: true
2023-09-21T17:21:52.0566050Z   allow-prereleases: false
2023-09-21T17:21:52.0566340Z ##[endgroup]
2023-09-21T17:21:52.2744370Z ##[group]Installed versions
2023-09-21T17:21:52.2882950Z Successfully set up CPython (3.11.5)
2023-09-21T17:21:52.2883770Z ##[endgroup]
2023-09-21T17:21:52.3303030Z ##[group]Run python -m pip install --pre --find-links wheelhouse/artifact/ tables
2023-09-21T17:21:52.3303650Z [36;1mpython -m pip install --pre --find-links wheelhouse/artifact/ tables[0m
2023-09-21T17:21:52.3555120Z shell: /bin/bash -e {0}
2023-09-21T17:21:52.3555410Z env:
2023-09-21T17:21:52.3555780Z   pythonLocation: /Users/runner/hostedtoolcache/Python/3.11.5/x64
2023-09-21T17:21:52.3556230Z   PKG_CONFIG_PATH: /Users/runner/hostedtoolcache/Python/3.11.5/x64/lib/pkgconfig
2023-09-21T17:21:52.3556650Z   Python_ROOT_DIR: /Users/runner/hostedtoolcache/Python/3.11.5/x64
2023-09-21T17:21:52.3557030Z   Python2_ROOT_DIR: /Users/runner/hostedtoolcache/Python/3.11.5/x64
2023-09-21T17:21:52.3557370Z   Python3_ROOT_DIR: /Users/runner/hostedtoolcache/Python/3.11.5/x64
2023-09-21T17:21:52.3558620Z ##[endgroup]
2023-09-21T17:21:57.7568820Z Looking in links: wheelhouse/artifact/
2023-09-21T17:21:57.9621410Z Processing ./wheelhouse/artifact/tables-3.8.1.dev0-cp311-cp311-macosx_10_9_x86_64.whl
2023-09-21T17:21:58.5854290Z Collecting numpy>=1.19.0 (from tables)
2023-09-21T17:21:58.5857640Z   Obtaining dependency information for numpy>=1.19.0 from https://files.pythonhosted.org/packages/d2/2f/b42860931c1479714201495ffe47d74460a916ae426a21fc9b68c5e329aa/numpy-1.26.0-cp311-cp311-macosx_10_9_x86_64.whl.metadata
2023-09-21T17:21:58.6409280Z   Downloading numpy-1.26.0-cp311-cp311-macosx_10_9_x86_64.whl.metadata (53 kB)
2023-09-21T17:21:58.6701680Z      ‚îÅ‚îÅ‚îÅ‚îÅ‚îÅ‚îÅ‚îÅ‚îÅ‚îÅ‚îÅ‚îÅ‚îÅ‚îÅ‚îÅ‚îÅ‚îÅ‚îÅ‚îÅ‚îÅ‚îÅ‚îÅ‚îÅ‚îÅ‚îÅ‚îÅ‚îÅ‚îÅ‚îÅ‚îÅ‚îÅ‚îÅ‚îÅ‚îÅ‚îÅ‚îÅ‚îÅ‚îÅ‚îÅ‚îÅ‚îÅ 53.5/53.5 kB 1.7 MB/s eta 0:00:00
2023-09-21T17:21:58.8419940Z Collecting numexpr>=2.6.2 (from tables)
2023-09-21T17:21:58.8422360Z   Obtaining dependency information for numexpr>=2.6.2 from https://files.pythonhosted.org/packages/d1/ea/a24da71d91188ac2066aa46e0cde57189da3b1d7417896d1a9b796936fca/numexpr-2.8.6-cp311-cp311-macosx_10_9_x86_64.whl.metadata
2023-09-21T17:21:58.8486100Z   Downloading numexpr-2.8.6-cp311-cp311-macosx_10_9_x86_64.whl.metadata (8.0 kB)
2023-09-21T17:21:58.9128000Z Collecting packaging (from tables)
2023-09-21T17:21:58.9178320Z   Downloading packaging-23.1-py3-none-any.whl (48 kB)
2023-09-21T17:21:58.9318320Z      ‚îÅ‚îÅ‚îÅ‚îÅ‚îÅ‚îÅ‚îÅ‚îÅ‚îÅ‚îÅ‚îÅ‚îÅ‚îÅ‚îÅ‚îÅ‚îÅ‚îÅ‚îÅ‚îÅ‚îÅ‚îÅ‚îÅ‚îÅ‚îÅ‚îÅ‚îÅ‚îÅ‚îÅ‚îÅ‚îÅ‚îÅ‚îÅ‚îÅ‚îÅ‚îÅ‚îÅ‚îÅ‚îÅ‚îÅ‚îÅ 48.9/48.9 kB 3.5 MB/s eta 0:00:00
2023-09-21T17:21:58.9569910Z Collecting py-cpuinfo (from tables)
2023-09-21T17:21:58.9621480Z   Downloading py_cpuinfo-9.0.0-py3-none-any.whl (22 kB)
2023-09-21T17:21:58.9965780Z Downloading numexpr-2.8.6-cp311-cp311-macosx_10_9_x86_64.whl (102 kB)
2023-09-21T17:21:59.0062590Z    ‚îÅ‚îÅ‚îÅ‚îÅ‚îÅ‚îÅ‚îÅ‚îÅ‚îÅ‚îÅ‚îÅ‚îÅ‚îÅ‚îÅ‚îÅ‚îÅ‚îÅ‚îÅ‚îÅ‚îÅ‚îÅ‚îÅ‚îÅ‚îÅ‚îÅ‚îÅ‚îÅ‚îÅ‚îÅ‚îÅ‚îÅ‚îÅ‚îÅ‚îÅ‚îÅ‚îÅ‚îÅ‚îÅ‚îÅ‚îÅ 102.4/102.4 kB 13.7 MB/s eta 0:00:00
2023-09-21T17:21:59.0152800Z Downloading numpy-1.26.0-cp311-cp311-macosx_10_9_x86_64.whl (20.6 MB)
2023-09-21T17:21:59.3997670Z    ‚îÅ‚îÅ‚îÅ‚îÅ‚îÅ‚îÅ‚îÅ‚îÅ‚îÅ‚îÅ‚îÅ‚îÅ‚îÅ‚îÅ‚îÅ‚îÅ‚îÅ‚îÅ‚îÅ‚îÅ‚îÅ‚îÅ‚îÅ‚îÅ‚îÅ‚îÅ‚îÅ‚îÅ‚îÅ‚îÅ‚îÅ‚îÅ‚îÅ‚îÅ‚îÅ‚îÅ‚îÅ‚îÅ‚îÅ‚îÅ 20.6/20.6 MB 39.2 MB/s eta 0:00:00
2023-09-21T17:21:59.5699330Z Installing collected packages: py-cpuinfo, packaging, numpy, numexpr, tables
2023-09-21T17:22:03.1990450Z Successfully installed numexpr-2.8.6 numpy-1.26.0 packaging-23.1 py-cpuinfo-9.0.0 tables-3.8.1.dev0
2023-09-21T17:22:03.5961610Z ##[group]Run python -m tables.tests.test_all
2023-09-21T17:22:03.5962090Z [36;1mpython -m tables.tests.test_all[0m
2023-09-21T17:22:03.6149140Z shell: /bin/bash -e {0}
2023-09-21T17:22:03.6149420Z env:
2023-09-21T17:22:03.6149780Z   pythonLocation: /Users/runner/hostedtoolcache/Python/3.11.5/x64
2023-09-21T17:22:03.6150410Z   PKG_CONFIG_PATH: /Users/runner/hostedtoolcache/Python/3.11.5/x64/lib/pkgconfig
2023-09-21T17:22:03.6150930Z   Python_ROOT_DIR: /Users/runner/hostedtoolcache/Python/3.11.5/x64
2023-09-21T17:22:03.6151300Z   Python2_ROOT_DIR: /Users/runner/hostedtoolcache/Python/3.11.5/x64
2023-09-21T17:22:03.6151710Z   Python3_ROOT_DIR: /Users/runner/hostedtoolcache/Python/3.11.5/x64
2023-09-21T17:22:03.6152180Z ##[endgroup]
2023-09-21T17:22:12.5122200Z -=-=-=-=-=-=-=-=-=-=-=-=-=-=-=-=-=-=-=-=-=-=-=-=-=-=-=-=-=-=-=-=-=-=-=-=-=-=
2023-09-21T17:22:12.5175430Z PyTables version:    3.8.1.dev0
2023-09-21T17:22:12.5195890Z HDF5 version:        1.14.1-2
2023-09-21T17:22:12.5222140Z NumPy version:       1.26.0
2023-09-21T17:22:12.5226840Z Numexpr version:     2.8.6 (not using Intel's VML/MKL)
2023-09-21T17:22:12.5228300Z Zlib version:        1.2.11 (in Python interpreter)
2023-09-21T17:22:12.5229320Z LZO version:         2.10 (Mar 01 2017)
2023-09-21T17:22:12.5230820Z BZIP2 version:       1.0.8 (13-Jul-2019)
2023-09-21T17:22:12.5231870Z Blosc version:       1.21.4 (2023-05-16)
2023-09-21T17:22:12.5232690Z Blosc compressors:   blosclz (2.5.1), lz4 (1.9.4), lz4hc (1.9.4), zlib (1.2.13), zstd (1.5.5)
2023-09-21T17:22:12.5326940Z Blosc filters:       shuffle, bitshuffle
2023-09-21T17:22:12.5346230Z Blosc2 version:      2.10.3 (2023-09-13)
2023-09-21T17:22:12.5425530Z Blosc2 compressors:  blosclz (2.5.3), lz4 (1.9.4), lz4hc (1.9.4), zlib (1.2.11.zlib-ng), zstd (1.5.5)
2023-09-21T17:22:12.5486660Z Blosc2 filters:      shuffle, bitshuffle
2023-09-21T17:22:12.5503770Z Python version:      3.11.5 (v3.11.5:cce6ba91b3, Aug 24 2023, 10:50:31) [Clang 13.0.0 (clang-1300.0.29.30)]
2023-09-21T17:22:12.5505010Z Platform:            macOS-12.6.8-x86_64-i386-64bit
2023-09-21T17:22:12.5505940Z Byte-ordering:       little
2023-09-21T17:22:12.5506850Z Detected cores:      3
2023-09-21T17:22:12.5507670Z Default encoding:    utf-8
2023-09-21T17:22:12.5510350Z Default FS encoding: utf-8
2023-09-21T17:22:12.5511580Z Default locale:      (en_US, UTF-8)
2023-09-21T17:22:12.5513360Z -=-=-=-=-=-=-=-=-=-=-=-=-=-=-=-=-=-=-=-=-=-=-=-=-=-=-=-=-=-=-=-=-=-=-=-=-=-=
2023-09-21T17:22:18.3337280Z Performing only a light (yet comprehensive) subset of the test suite.
2023-09-21T17:22:18.3438240Z If you want a more complete test, try passing the --heavy flag to this script
2023-09-21T17:22:18.3451130Z (or set the 'heavy' parameter in case you are using tables.test() call).
2023-09-21T17:22:18.3552410Z The whole suite will take more than 4 hours to complete on a relatively
2023-09-21T17:22:18.3652890Z modern CPU and around 512 MB of main memory.
2023-09-21T17:22:18.3753440Z -=-=-=-=-=-=-=-=-=-=-=-=-=-=-=-=-=-=-=-=-=-=-=-=-=-=-=-=-=-=-=-=-=-=-=-=-=-=
2023-09-21T17:29:56.9858430Z .........................................................................................................................................................................................................................................................................................................................................................................................................................................................................................................................................................................................................................................................................................ss....................................................................................................................................................................................................................................................................................................................................................................................................................................................................................................................................................................................................................................................................................................................................................................................................................................................ssssssssssssssssssssssssssssssss.......................................................................................................................................................................................................................................................................................................................................................................................................................................................................................................................................................................................................................................................................................................................................................................................................................................................................................................................................................................................................................................................................................................................................................................................................................................................................................................................................................................................................................................................................................................................................................................................................................................................................................................................................................................sssss.....................................................................................sssss...............sssss....................................................................................................................................................................ssssss......................................................................................................................................................................................................................s................................................................................................................................................................................................................................................................................................s...s.....................................................................................................................................................................................................................................................................................................................................................................................................................................................................................................................................................................................................................................................................................................................................................................................................................................................................................................................................................................................................................................................................................................................................................................................................................................................................................................................................................................................................................................................................................................................................................................................................................................................................................................................................................................................................................................................................................................................................................................................................................................................................................................................................................................................................................................................................................................................................................................................................................................................................................................................................................................................................................................................................................................................................................................................................
2023-09-21T17:29:56.9872490Z ----------------------------------------------------------------------
2023-09-21T17:29:56.9872850Z Ran 6708 tests in 464.153s
2023-09-21T17:29:56.9873650Z 
2023-09-21T17:29:56.9873800Z OK (skipped=58)
2023-09-21T17:29:57.1513350Z Post job cleanup.
2023-09-21T17:29:57.3787260Z Cleaning up orphan processes
