2023-09-21T17:21:33.6742923Z Requested labels: ubuntu-latest
2023-09-21T17:21:33.6743241Z Job defined at: PyTables/PyTables/.github/workflows/wheels.yml@refs/heads/releases/v3.9.0
2023-09-21T17:21:33.6743372Z Waiting for a runner to pick up this job...
2023-09-21T17:21:34.8343264Z Job is waiting for a hosted runner to come online.
2023-09-21T17:21:37.1573675Z Job is about to start running on the hosted runner: GitHub Actions 7 (hosted)
2023-09-21T17:21:39.0686984Z Current runner version: '2.309.0'
2023-09-21T17:21:39.0716355Z ##[group]Operating System
2023-09-21T17:21:39.0716932Z Ubuntu
2023-09-21T17:21:39.0717264Z 22.04.3
2023-09-21T17:21:39.0717569Z LTS
2023-09-21T17:21:39.0717837Z ##[endgroup]
2023-09-21T17:21:39.0718261Z ##[group]Runner Image
2023-09-21T17:21:39.0718648Z Image: ubuntu-22.04
2023-09-21T17:21:39.0718950Z Version: 20230917.1.0
2023-09-21T17:21:39.0719496Z Included Software: https://github.com/actions/runner-images/blob/ubuntu22/20230917.1/images/linux/Ubuntu2204-Readme.md
2023-09-21T17:21:39.0720180Z Image Release: https://github.com/actions/runner-images/releases/tag/ubuntu22%2F20230917.1
2023-09-21T17:21:39.0720741Z ##[endgroup]
2023-09-21T17:21:39.0721064Z ##[group]Runner Image Provisioner
2023-09-21T17:21:39.0721426Z 2.0.299.1
2023-09-21T17:21:39.0721738Z ##[endgroup]
2023-09-21T17:21:39.0722461Z ##[group]GITHUB_TOKEN Permissions
2023-09-21T17:21:39.0724175Z Contents: read
2023-09-21T17:21:39.0724584Z Metadata: read
2023-09-21T17:21:39.0725150Z ##[endgroup]
2023-09-21T17:21:39.0729204Z Secret source: Actions
2023-09-21T17:21:39.0729806Z Prepare workflow directory
2023-09-21T17:21:39.1532547Z Prepare all required actions
2023-09-21T17:21:39.1733317Z Getting action download info
2023-09-21T17:21:39.5012912Z Download action repository 'actions/download-artifact@v3' (SHA:9bc31d5ccc31df68ecc42ccf4149144866c47d8a)
2023-09-21T17:21:39.9027935Z Download action repository 'actions/setup-python@v4' (SHA:61a6322f88396a6271a6ee3565807d608ecaddd1)
2023-09-21T17:21:40.3147942Z Complete job name: Test 3.10 x64 wheels for ubuntu-latest
2023-09-21T17:21:40.4039236Z ##[group]Run actions/download-artifact@v3
2023-09-21T17:21:40.4039678Z with:
2023-09-21T17:21:40.4039982Z   path: ./wheelhouse/
2023-09-21T17:21:40.4040279Z ##[endgroup]
2023-09-21T17:21:40.6703491Z No artifact name specified, downloading all artifacts
2023-09-21T17:21:40.6704124Z Creating an extra directory for each artifact that is being downloaded
2023-09-21T17:21:40.7257653Z starting download of artifact artifact : 1/1
2023-09-21T17:21:40.7473610Z Total number of files that will be downloaded: 22
2023-09-21T17:21:41.7970231Z Total file count: 22 ---- Processed file #7 (31.8%)
2023-09-21T17:21:42.7476203Z Total file count: 22 ---- Processed file #13 (59.0%)
2023-09-21T17:21:43.7481730Z Total file count: 22 ---- Processed file #21 (95.4%)
2023-09-21T17:21:43.8901918Z There were 1 artifacts downloaded
2023-09-21T17:21:43.8923042Z Artifact artifact was downloaded to /home/runner/work/PyTables/PyTables/wheelhouse/artifact
2023-09-21T17:21:43.8923873Z Artifact download has finished successfully
2023-09-21T17:21:43.9217311Z ##[group]Run actions/setup-python@v4
2023-09-21T17:21:43.9217586Z with:
2023-09-21T17:21:43.9217812Z   python-version: 3.10
2023-09-21T17:21:43.9218055Z   architecture: x64
2023-09-21T17:21:43.9218285Z   check-latest: false
2023-09-21T17:21:43.9218711Z   token: ***
2023-09-21T17:21:43.9218965Z   update-environment: true
2023-09-21T17:21:43.9219229Z   allow-prereleases: false
2023-09-21T17:21:43.9219564Z ##[endgroup]
2023-09-21T17:21:44.0963043Z ##[group]Installed versions
2023-09-21T17:21:44.1041652Z Successfully set up CPython (3.10.13)
2023-09-21T17:21:44.1042700Z ##[endgroup]
2023-09-21T17:21:44.1277853Z ##[group]Run python -m pip install --pre --find-links wheelhouse/artifact/ tables
2023-09-21T17:21:44.1278442Z [36;1mpython -m pip install --pre --find-links wheelhouse/artifact/ tables[0m
2023-09-21T17:21:44.1343158Z shell: /usr/bin/bash -e {0}
2023-09-21T17:21:44.1343424Z env:
2023-09-21T17:21:44.1343717Z   pythonLocation: /opt/hostedtoolcache/Python/3.10.13/x64
2023-09-21T17:21:44.1344106Z   PKG_CONFIG_PATH: /opt/hostedtoolcache/Python/3.10.13/x64/lib/pkgconfig
2023-09-21T17:21:44.1344483Z   Python_ROOT_DIR: /opt/hostedtoolcache/Python/3.10.13/x64
2023-09-21T17:21:44.1344819Z   Python2_ROOT_DIR: /opt/hostedtoolcache/Python/3.10.13/x64
2023-09-21T17:21:44.1345166Z   Python3_ROOT_DIR: /opt/hostedtoolcache/Python/3.10.13/x64
2023-09-21T17:21:44.1345520Z   LD_LIBRARY_PATH: /opt/hostedtoolcache/Python/3.10.13/x64/lib
2023-09-21T17:21:44.1346144Z ##[endgroup]
2023-09-21T17:21:45.0995477Z Looking in links: wheelhouse/artifact/
2023-09-21T17:21:45.2723714Z Processing ./wheelhouse/artifact/tables-3.8.1.dev0-cp310-cp310-manylinux_2_17_x86_64.manylinux2014_x86_64.whl
2023-09-21T17:21:45.7248720Z Collecting numpy>=1.19.0 (from tables)
2023-09-21T17:21:45.7253145Z   Obtaining dependency information for numpy>=1.19.0 from https://files.pythonhosted.org/packages/9b/5a/f265a1ba3641d16b5480a217a6aed08cceef09cd173b568cd5351053472a/numpy-1.26.0-cp310-cp310-manylinux_2_17_x86_64.manylinux2014_x86_64.whl.metadata
2023-09-21T17:21:45.8382913Z   Downloading numpy-1.26.0-cp310-cp310-manylinux_2_17_x86_64.manylinux2014_x86_64.whl.metadata (58 kB)
2023-09-21T17:21:45.8687847Z      â”â”â”â”â”â”â”â”â”â”â”â”â”â”â”â”â”â”â”â”â”â”â”â”â”â”â”â”â”â”â”â”â”â”â”â”â”â”â”â” 58.5/58.5 kB 2.0 MB/s eta 0:00:00
2023-09-21T17:21:46.0002245Z Collecting numexpr>=2.6.2 (from tables)
2023-09-21T17:21:46.0004115Z   Obtaining dependency information for numexpr>=2.6.2 from https://files.pythonhosted.org/packages/af/1f/a9bc507c4d53c0be52d2f1334dd79e13dc4663b64709b687a416506c2b86/numexpr-2.8.6-cp310-cp310-manylinux_2_17_x86_64.manylinux2014_x86_64.whl.metadata
2023-09-21T17:21:46.0054853Z   Downloading numexpr-2.8.6-cp310-cp310-manylinux_2_17_x86_64.manylinux2014_x86_64.whl.metadata (8.0 kB)
2023-09-21T17:21:46.0520433Z Collecting packaging (from tables)
2023-09-21T17:21:46.0608177Z   Downloading packaging-23.1-py3-none-any.whl (48 kB)
2023-09-21T17:21:46.0761189Z      â”â”â”â”â”â”â”â”â”â”â”â”â”â”â”â”â”â”â”â”â”â”â”â”â”â”â”â”â”â”â”â”â”â”â”â”â”â”â”â” 48.9/48.9 kB 4.7 MB/s eta 0:00:00
2023-09-21T17:21:46.1022845Z Collecting py-cpuinfo (from tables)
2023-09-21T17:21:46.1111912Z   Downloading py_cpuinfo-9.0.0-py3-none-any.whl (22 kB)
2023-09-21T17:21:46.1501742Z Downloading numexpr-2.8.6-cp310-cp310-manylinux_2_17_x86_64.manylinux2014_x86_64.whl (383 kB)
2023-09-21T17:21:46.1988084Z    â”â”â”â”â”â”â”â”â”â”â”â”â”â”â”â”â”â”â”â”â”â”â”â”â”â”â”â”â”â”â”â”â”â”â”â”â”â”â”â” 383.8/383.8 kB 8.2 MB/s eta 0:00:00
2023-09-21T17:21:46.2095553Z Downloading numpy-1.26.0-cp310-cp310-manylinux_2_17_x86_64.manylinux2014_x86_64.whl (18.2 MB)
2023-09-21T17:21:46.6218854Z    â”â”â”â”â”â”â”â”â”â”â”â”â”â”â”â”â”â”â”â”â”â”â”â”â”â”â”â”â”â”â”â”â”â”â”â”â”â”â”â” 18.2/18.2 MB 64.6 MB/s eta 0:00:00
2023-09-21T17:21:46.7517179Z Installing collected packages: py-cpuinfo, packaging, numpy, numexpr, tables
2023-09-21T17:21:49.6996583Z Successfully installed numexpr-2.8.6 numpy-1.26.0 packaging-23.1 py-cpuinfo-9.0.0 tables-3.8.1.dev0
2023-09-21T17:21:49.9305674Z 
2023-09-21T17:21:49.9306949Z [notice] A new release of pip is available: 23.0.1 -> 23.2.1
2023-09-21T17:21:49.9353617Z [notice] To update, run: pip install --upgrade pip
2023-09-21T17:21:50.0417334Z ##[group]Run python -m tables.tests.test_all
2023-09-21T17:21:50.0417689Z [36;1mpython -m tables.tests.test_all[0m
2023-09-21T17:21:50.0477673Z shell: /usr/bin/bash -e {0}
2023-09-21T17:21:50.0477944Z env:
2023-09-21T17:21:50.0478227Z   pythonLocation: /opt/hostedtoolcache/Python/3.10.13/x64
2023-09-21T17:21:50.0478617Z   PKG_CONFIG_PATH: /opt/hostedtoolcache/Python/3.10.13/x64/lib/pkgconfig
2023-09-21T17:21:50.0479038Z   Python_ROOT_DIR: /opt/hostedtoolcache/Python/3.10.13/x64
2023-09-21T17:21:50.0479391Z   Python2_ROOT_DIR: /opt/hostedtoolcache/Python/3.10.13/x64
2023-09-21T17:21:50.0479726Z   Python3_ROOT_DIR: /opt/hostedtoolcache/Python/3.10.13/x64
2023-09-21T17:21:50.0480078Z   LD_LIBRARY_PATH: /opt/hostedtoolcache/Python/3.10.13/x64/lib
2023-09-21T17:21:50.0480362Z ##[endgroup]
2023-09-21T17:21:51.5237932Z -=-=-=-=-=-=-=-=-=-=-=-=-=-=-=-=-=-=-=-=-=-=-=-=-=-=-=-=-=-=-=-=-=-=-=-=-=-=
2023-09-21T17:21:51.5238316Z PyTables version:    3.8.1.dev0
2023-09-21T17:21:51.5238713Z HDF5 version:        1.14.1-2
2023-09-21T17:21:51.5238959Z NumPy version:       1.26.0
2023-09-21T17:21:51.5239328Z Numexpr version:     2.8.6 (not using Intel's VML/MKL)
2023-09-21T17:21:51.5239667Z Zlib version:        1.2.11 (in Python interpreter)
2023-09-21T17:21:51.5239982Z LZO version:         2.06 (Aug 12 2011)
2023-09-21T17:21:51.5240306Z BZIP2 version:       1.0.6 (6-Sept-2010)
2023-09-21T17:21:51.5240638Z Blosc version:       1.21.4 (2023-05-16)
2023-09-21T17:21:51.5241281Z Blosc compressors:   blosclz (2.5.1), lz4 (1.9.4), lz4hc (1.9.4), zlib (1.2.13), zstd (1.5.5)
2023-09-21T17:21:51.5241623Z Blosc filters:       shuffle, bitshuffle
2023-09-21T17:21:51.5241965Z Blosc2 version:      2.10.3 (2023-09-13)
2023-09-21T17:21:51.5242436Z Blosc2 compressors:  blosclz (2.5.3), lz4 (1.9.4), lz4hc (1.9.4), zlib (1.2.11.zlib-ng), zstd (1.5.5)
2023-09-21T17:21:51.5242784Z Blosc2 filters:      shuffle, bitshuffle
2023-09-21T17:21:51.5243112Z Python version:      3.10.13 (main, Aug 28 2023, 08:28:42) [GCC 11.4.0]
2023-09-21T17:21:51.5243551Z Platform:            Linux-6.2.0-1011-azure-x86_64-with-glibc2.35
2023-09-21T17:21:51.5243893Z Byte-ordering:       little
2023-09-21T17:21:51.5244136Z Detected cores:      2
2023-09-21T17:21:51.5244453Z Default encoding:    utf-8
2023-09-21T17:21:51.5244734Z Default FS encoding: utf-8
2023-09-21T17:21:51.5245032Z Default locale:      (en_US, UTF-8)
2023-09-21T17:21:51.5245396Z -=-=-=-=-=-=-=-=-=-=-=-=-=-=-=-=-=-=-=-=-=-=-=-=-=-=-=-=-=-=-=-=-=-=-=-=-=-=
2023-09-21T17:21:55.5952679Z Performing only a light (yet comprehensive) subset of the test suite.
2023-09-21T17:21:55.5953725Z If you want a more complete test, try passing the --heavy flag to this script
2023-09-21T17:21:55.5954285Z (or set the 'heavy' parameter in case you are using tables.test() call).
2023-09-21T17:21:55.5958022Z The whole suite will take more than 4 hours to complete on a relatively
2023-09-21T17:21:55.5958754Z modern CPU and around 512 MB of main memory.
2023-09-21T17:21:55.5959602Z -=-=-=-=-=-=-=-=-=-=-=-=-=-=-=-=-=-=-=-=-=-=-=-=-=-=-=-=-=-=-=-=-=-=-=-=-=-=
2023-09-21T17:29:16.5863328Z .........................................................................................................................................................................................................................................................................................................................................................................................................................................................................................................................................................................................................................................................................................ss....................................................................................................................................................................................................................................................................................................................................................................................................................................................................................................................................................................................................................................................................................................................................................................................................................................................ssssssssssssssssssssssssssssssss.......................................................................................................................................................................................................................................................................................................................................................................................................................................................................................................................................................................................................................................................................................................................................................................................................................................................................................................................................................................................................................................................................................................................................................................................................................................................................................................................................................................................................................................................................................................................................................................................................................................................................................................................................................................sssss.....................................................................................sssss...............sssss....................................................................................................................................................................ssssss......................................................................................................................................................................................................................s................................................................................................................................................................................................................................................................................................s...s.....................................................................................................................................................................................................................................................................................................................................................................................................................................................................................................................................................................................................................................................................................................................................................................................................................................................................................................................................................................................................................................................................................................................................................................................................................................................................................................................................................................................................................................................................................................................................................................................................................................................................................................................................................................................................................................................................................................................................................................................................................................................................................................................................................................................................................................................................................................................................................................................................................................................................................................................................................................................................................................................................................................................................................................................................
2023-09-21T17:29:16.5890898Z ----------------------------------------------------------------------
2023-09-21T17:29:16.5891313Z Ran 6708 tests in 444.596s
2023-09-21T17:29:16.5891517Z 
2023-09-21T17:29:16.5891813Z OK (skipped=58)
2023-09-21T17:29:16.7143799Z Post job cleanup.
2023-09-21T17:29:16.9478266Z Cleaning up orphan processes
