2023-09-21T17:21:33.6508275Z Requested labels: ubuntu-latest
2023-09-21T17:21:33.6508572Z Job defined at: PyTables/PyTables/.github/workflows/wheels.yml@refs/heads/releases/v3.9.0
2023-09-21T17:21:33.6508720Z Waiting for a runner to pick up this job...
2023-09-21T17:21:34.8350469Z Job is waiting for a hosted runner to come online.
2023-09-21T17:21:37.1879450Z Job is about to start running on the hosted runner: GitHub Actions 5 (hosted)
2023-09-21T17:21:39.3435703Z Current runner version: '2.309.0'
2023-09-21T17:21:39.3463457Z ##[group]Operating System
2023-09-21T17:21:39.3464002Z Ubuntu
2023-09-21T17:21:39.3464358Z 22.04.3
2023-09-21T17:21:39.3464682Z LTS
2023-09-21T17:21:39.3464965Z ##[endgroup]
2023-09-21T17:21:39.3465480Z ##[group]Runner Image
2023-09-21T17:21:39.3465893Z Image: ubuntu-22.04
2023-09-21T17:21:39.3466228Z Version: 20230917.1.0
2023-09-21T17:21:39.3466818Z Included Software: https://github.com/actions/runner-images/blob/ubuntu22/20230917.1/images/linux/Ubuntu2204-Readme.md
2023-09-21T17:21:39.3467642Z Image Release: https://github.com/actions/runner-images/releases/tag/ubuntu22%2F20230917.1
2023-09-21T17:21:39.3468106Z ##[endgroup]
2023-09-21T17:21:39.3468514Z ##[group]Runner Image Provisioner
2023-09-21T17:21:39.3468910Z 2.0.299.1
2023-09-21T17:21:39.3469205Z ##[endgroup]
2023-09-21T17:21:39.3470014Z ##[group]GITHUB_TOKEN Permissions
2023-09-21T17:21:39.3471732Z Contents: read
2023-09-21T17:21:39.3472341Z Metadata: read
2023-09-21T17:21:39.3473068Z ##[endgroup]
2023-09-21T17:21:39.3476605Z Secret source: Actions
2023-09-21T17:21:39.3477188Z Prepare workflow directory
2023-09-21T17:21:39.4215924Z Prepare all required actions
2023-09-21T17:21:39.4405051Z Getting action download info
2023-09-21T17:21:39.6349822Z Download action repository 'actions/download-artifact@v3' (SHA:9bc31d5ccc31df68ecc42ccf4149144866c47d8a)
2023-09-21T17:21:39.9472485Z Download action repository 'actions/setup-python@v4' (SHA:61a6322f88396a6271a6ee3565807d608ecaddd1)
2023-09-21T17:21:40.3684482Z Complete job name: Test 3.11 x64 wheels for ubuntu-latest
2023-09-21T17:21:40.4510502Z ##[group]Run actions/download-artifact@v3
2023-09-21T17:21:40.4510889Z with:
2023-09-21T17:21:40.4511173Z   path: ./wheelhouse/
2023-09-21T17:21:40.4511457Z ##[endgroup]
2023-09-21T17:21:40.6843799Z No artifact name specified, downloading all artifacts
2023-09-21T17:21:40.6844488Z Creating an extra directory for each artifact that is being downloaded
2023-09-21T17:21:40.7436928Z starting download of artifact artifact : 1/1
2023-09-21T17:21:40.7926064Z Total number of files that will be downloaded: 22
2023-09-21T17:21:41.7934700Z Total file count: 22 ---- Processed file #7 (31.8%)
2023-09-21T17:21:42.7932041Z Total file count: 22 ---- Processed file #13 (59.0%)
2023-09-21T17:21:43.7933171Z Total file count: 22 ---- Processed file #18 (81.8%)
2023-09-21T17:21:44.2519545Z There were 1 artifacts downloaded
2023-09-21T17:21:44.2522182Z Artifact artifact was downloaded to /home/runner/work/PyTables/PyTables/wheelhouse/artifact
2023-09-21T17:21:44.2534509Z Artifact download has finished successfully
2023-09-21T17:21:44.2847437Z ##[group]Run actions/setup-python@v4
2023-09-21T17:21:44.2847721Z with:
2023-09-21T17:21:44.2847948Z   python-version: 3.11
2023-09-21T17:21:44.2848175Z   architecture: x64
2023-09-21T17:21:44.2848408Z   check-latest: false
2023-09-21T17:21:44.2848786Z   token: ***
2023-09-21T17:21:44.2849028Z   update-environment: true
2023-09-21T17:21:44.2849276Z   allow-prereleases: false
2023-09-21T17:21:44.2849532Z ##[endgroup]
2023-09-21T17:21:44.4551557Z ##[group]Installed versions
2023-09-21T17:21:44.4625164Z Successfully set up CPython (3.11.5)
2023-09-21T17:21:44.4626092Z ##[endgroup]
2023-09-21T17:21:44.4827319Z ##[group]Run python -m pip install --pre --find-links wheelhouse/artifact/ tables
2023-09-21T17:21:44.4827852Z [36;1mpython -m pip install --pre --find-links wheelhouse/artifact/ tables[0m
2023-09-21T17:21:44.4895406Z shell: /usr/bin/bash -e {0}
2023-09-21T17:21:44.4895721Z env:
2023-09-21T17:21:44.4896007Z   pythonLocation: /opt/hostedtoolcache/Python/3.11.5/x64
2023-09-21T17:21:44.4896394Z   PKG_CONFIG_PATH: /opt/hostedtoolcache/Python/3.11.5/x64/lib/pkgconfig
2023-09-21T17:21:44.4896916Z   Python_ROOT_DIR: /opt/hostedtoolcache/Python/3.11.5/x64
2023-09-21T17:21:44.4897255Z   Python2_ROOT_DIR: /opt/hostedtoolcache/Python/3.11.5/x64
2023-09-21T17:21:44.4897600Z   Python3_ROOT_DIR: /opt/hostedtoolcache/Python/3.11.5/x64
2023-09-21T17:21:44.4897951Z   LD_LIBRARY_PATH: /opt/hostedtoolcache/Python/3.11.5/x64/lib
2023-09-21T17:21:44.4898542Z ##[endgroup]
2023-09-21T17:21:45.3396383Z Looking in links: wheelhouse/artifact/
2023-09-21T17:21:45.4947559Z Processing ./wheelhouse/artifact/tables-3.8.1.dev0-cp311-cp311-manylinux_2_17_x86_64.manylinux2014_x86_64.whl
2023-09-21T17:21:45.8711843Z Collecting numpy>=1.19.0 (from tables)
2023-09-21T17:21:45.8714417Z   Obtaining dependency information for numpy>=1.19.0 from https://files.pythonhosted.org/packages/c4/36/161e2f8110f8c49e59f6107bd6da4257d30aff9f06373d0471811f73dcc5/numpy-1.26.0-cp311-cp311-manylinux_2_17_x86_64.manylinux2014_x86_64.whl.metadata
2023-09-21T17:21:45.9544776Z   Downloading numpy-1.26.0-cp311-cp311-manylinux_2_17_x86_64.manylinux2014_x86_64.whl.metadata (58 kB)
2023-09-21T17:21:45.9778779Z      ‚îÅ‚îÅ‚îÅ‚îÅ‚îÅ‚îÅ‚îÅ‚îÅ‚îÅ‚îÅ‚îÅ‚îÅ‚îÅ‚îÅ‚îÅ‚îÅ‚îÅ‚îÅ‚îÅ‚îÅ‚îÅ‚îÅ‚îÅ‚îÅ‚îÅ‚îÅ‚îÅ‚îÅ‚îÅ‚îÅ‚îÅ‚îÅ‚îÅ‚îÅ‚îÅ‚îÅ‚îÅ‚îÅ‚îÅ‚îÅ 58.5/58.5 kB 2.4 MB/s eta 0:00:00
2023-09-21T17:21:46.0852610Z Collecting numexpr>=2.6.2 (from tables)
2023-09-21T17:21:46.0854857Z   Obtaining dependency information for numexpr>=2.6.2 from https://files.pythonhosted.org/packages/74/f5/3d0392e5b719e19a84fbcd96f7f38668277d2d32023f229245bc3f983d79/numexpr-2.8.6-cp311-cp311-manylinux_2_17_x86_64.manylinux2014_x86_64.whl.metadata
2023-09-21T17:21:46.0903389Z   Downloading numexpr-2.8.6-cp311-cp311-manylinux_2_17_x86_64.manylinux2014_x86_64.whl.metadata (8.0 kB)
2023-09-21T17:21:46.1245273Z Collecting packaging (from tables)
2023-09-21T17:21:46.1290249Z   Downloading packaging-23.1-py3-none-any.whl (48 kB)
2023-09-21T17:21:46.1361046Z      ‚îÅ‚îÅ‚îÅ‚îÅ‚îÅ‚îÅ‚îÅ‚îÅ‚îÅ‚îÅ‚îÅ‚îÅ‚îÅ‚îÅ‚îÅ‚îÅ‚îÅ‚îÅ‚îÅ‚îÅ‚îÅ‚îÅ‚îÅ‚îÅ‚îÅ‚îÅ‚îÅ‚îÅ‚îÅ‚îÅ‚îÅ‚îÅ‚îÅ‚îÅ‚îÅ‚îÅ‚îÅ‚îÅ‚îÅ‚îÅ 48.9/48.9 kB 8.3 MB/s eta 0:00:00
2023-09-21T17:21:46.1530183Z Collecting py-cpuinfo (from tables)
2023-09-21T17:21:46.1571455Z   Downloading py_cpuinfo-9.0.0-py3-none-any.whl (22 kB)
2023-09-21T17:21:46.1866195Z Downloading numexpr-2.8.6-cp311-cp311-manylinux_2_17_x86_64.manylinux2014_x86_64.whl (386 kB)
2023-09-21T17:21:46.2040154Z    ‚îÅ‚îÅ‚îÅ‚îÅ‚îÅ‚îÅ‚îÅ‚îÅ‚îÅ‚îÅ‚îÅ‚îÅ‚îÅ‚îÅ‚îÅ‚îÅ‚îÅ‚îÅ‚îÅ‚îÅ‚îÅ‚îÅ‚îÅ‚îÅ‚îÅ‚îÅ‚îÅ‚îÅ‚îÅ‚îÅ‚îÅ‚îÅ‚îÅ‚îÅ‚îÅ‚îÅ‚îÅ‚îÅ‚îÅ‚îÅ 386.0/386.0 kB 24.6 MB/s eta 0:00:00
2023-09-21T17:21:46.2120908Z Downloading numpy-1.26.0-cp311-cp311-manylinux_2_17_x86_64.manylinux2014_x86_64.whl (18.2 MB)
2023-09-21T17:21:46.3785676Z    ‚îÅ‚îÅ‚îÅ‚îÅ‚îÅ‚îÅ‚îÅ‚îÅ‚îÅ‚îÅ‚îÅ‚îÅ‚îÅ‚îÅ‚îÅ‚îÅ‚îÅ‚îÅ‚îÅ‚îÅ‚îÅ‚îÅ‚îÅ‚îÅ‚îÅ‚îÅ‚îÅ‚îÅ‚îÅ‚îÅ‚îÅ‚îÅ‚îÅ‚îÅ‚îÅ‚îÅ‚îÅ‚îÅ‚îÅ‚îÅ 18.2/18.2 MB 89.5 MB/s eta 0:00:00
2023-09-21T17:21:46.5053223Z Installing collected packages: py-cpuinfo, packaging, numpy, numexpr, tables
2023-09-21T17:21:49.4589094Z Successfully installed numexpr-2.8.6 numpy-1.26.0 packaging-23.1 py-cpuinfo-9.0.0 tables-3.8.1.dev0
2023-09-21T17:21:49.7796094Z ##[group]Run python -m tables.tests.test_all
2023-09-21T17:21:49.7796448Z [36;1mpython -m tables.tests.test_all[0m
2023-09-21T17:21:49.7858589Z shell: /usr/bin/bash -e {0}
2023-09-21T17:21:49.7858840Z env:
2023-09-21T17:21:49.7859134Z   pythonLocation: /opt/hostedtoolcache/Python/3.11.5/x64
2023-09-21T17:21:49.7859516Z   PKG_CONFIG_PATH: /opt/hostedtoolcache/Python/3.11.5/x64/lib/pkgconfig
2023-09-21T17:21:49.7859872Z   Python_ROOT_DIR: /opt/hostedtoolcache/Python/3.11.5/x64
2023-09-21T17:21:49.7860226Z   Python2_ROOT_DIR: /opt/hostedtoolcache/Python/3.11.5/x64
2023-09-21T17:21:49.7860569Z   Python3_ROOT_DIR: /opt/hostedtoolcache/Python/3.11.5/x64
2023-09-21T17:21:49.7860945Z   LD_LIBRARY_PATH: /opt/hostedtoolcache/Python/3.11.5/x64/lib
2023-09-21T17:21:49.7861257Z ##[endgroup]
2023-09-21T17:21:51.3364328Z -=-=-=-=-=-=-=-=-=-=-=-=-=-=-=-=-=-=-=-=-=-=-=-=-=-=-=-=-=-=-=-=-=-=-=-=-=-=
2023-09-21T17:21:51.3364723Z PyTables version:    3.8.1.dev0
2023-09-21T17:21:51.3365756Z HDF5 version:        1.14.1-2
2023-09-21T17:21:51.3366029Z NumPy version:       1.26.0
2023-09-21T17:21:51.3366401Z Numexpr version:     2.8.6 (not using Intel's VML/MKL)
2023-09-21T17:21:51.3366737Z Zlib version:        1.2.11 (in Python interpreter)
2023-09-21T17:21:51.3367030Z LZO version:         2.06 (Aug 12 2011)
2023-09-21T17:21:51.3367364Z BZIP2 version:       1.0.6 (6-Sept-2010)
2023-09-21T17:21:51.3367699Z Blosc version:       1.21.4 (2023-05-16)
2023-09-21T17:21:51.3368032Z Blosc compressors:   blosclz (2.5.1), lz4 (1.9.4), lz4hc (1.9.4), zlib (1.2.13), zstd (1.5.5)
2023-09-21T17:21:51.3368658Z Blosc filters:       shuffle, bitshuffle
2023-09-21T17:21:51.3369323Z Blosc2 version:      2.10.3 (2023-09-13)
2023-09-21T17:21:51.3369780Z Blosc2 compressors:  blosclz (2.5.3), lz4 (1.9.4), lz4hc (1.9.4), zlib (1.2.11.zlib-ng), zstd (1.5.5)
2023-09-21T17:21:51.3370137Z Blosc2 filters:      shuffle, bitshuffle
2023-09-21T17:21:51.3370459Z Python version:      3.11.5 (main, Aug 28 2023, 12:39:56) [GCC 11.4.0]
2023-09-21T17:21:51.3370893Z Platform:            Linux-6.2.0-1011-azure-x86_64-with-glibc2.35
2023-09-21T17:21:51.3371235Z Byte-ordering:       little
2023-09-21T17:21:51.3371638Z Detected cores:      2
2023-09-21T17:21:51.3371918Z Default encoding:    utf-8
2023-09-21T17:21:51.3372180Z Default FS encoding: utf-8
2023-09-21T17:21:51.3372492Z Default locale:      (en_US, UTF-8)
2023-09-21T17:21:51.3372847Z -=-=-=-=-=-=-=-=-=-=-=-=-=-=-=-=-=-=-=-=-=-=-=-=-=-=-=-=-=-=-=-=-=-=-=-=-=-=
2023-09-21T17:21:55.7439731Z Performing only a light (yet comprehensive) subset of the test suite.
2023-09-21T17:21:55.7441101Z If you want a more complete test, try passing the --heavy flag to this script
2023-09-21T17:21:55.7441977Z (or set the 'heavy' parameter in case you are using tables.test() call).
2023-09-21T17:21:55.7442705Z The whole suite will take more than 4 hours to complete on a relatively
2023-09-21T17:21:55.7443620Z modern CPU and around 512 MB of main memory.
2023-09-21T17:21:55.7444227Z -=-=-=-=-=-=-=-=-=-=-=-=-=-=-=-=-=-=-=-=-=-=-=-=-=-=-=-=-=-=-=-=-=-=-=-=-=-=
2023-09-21T17:28:43.3498499Z .........................................................................................................................................................................................................................................................................................................................................................................................................................................................................................................................................................................................................................................................................................ss....................................................................................................................................................................................................................................................................................................................................................................................................................................................................................................................................................................................................................................................................................................................................................................................................................................................ssssssssssssssssssssssssssssssss.......................................................................................................................................................................................................................................................................................................................................................................................................................................................................................................................................................................................................................................................................................................................................................................................................................................................................................................................................................................................................................................................................................................................................................................................................................................................................................................................................................................................................................................................................................................................................................................................................................................................................................................................................................................sssss.....................................................................................sssss...............sssss....................................................................................................................................................................ssssss......................................................................................................................................................................................................................s................................................................................................................................................................................................................................................................................................s...s.....................................................................................................................................................................................................................................................................................................................................................................................................................................................................................................................................................................................................................................................................................................................................................................................................................................................................................................................................................................................................................................................................................................................................................................................................................................................................................................................................................................................................................................................................................................................................................................................................................................................................................................................................................................................................................................................................................................................................................................................................................................................................................................................................................................................................................................................................................................................................................................................................................................................................................................................................................................................................................................................................................................................................................................................................
2023-09-21T17:28:43.3520592Z ----------------------------------------------------------------------
2023-09-21T17:28:43.3520962Z Ran 6708 tests in 410.932s
2023-09-21T17:28:43.3521162Z 
2023-09-21T17:28:43.3521280Z OK (skipped=58)
2023-09-21T17:28:43.4621440Z Post job cleanup.
2023-09-21T17:28:43.6486998Z Cleaning up orphan processes
