2023-09-21T17:21:33.8771719Z Requested labels: windows-latest
2023-09-21T17:21:33.8772068Z Job defined at: PyTables/PyTables/.github/workflows/wheels.yml@refs/heads/releases/v3.9.0
2023-09-21T17:21:33.8772231Z Waiting for a runner to pick up this job...
2023-09-21T17:21:35.4791532Z Job is waiting for a hosted runner to come online.
2023-09-21T17:21:40.2084651Z Job is about to start running on the hosted runner: GitHub Actions 13 (hosted)
2023-09-21T17:21:44.2911796Z Current runner version: '2.309.0'
2023-09-21T17:21:44.2937713Z ##[group]Operating System
2023-09-21T17:21:44.2938267Z Microsoft Windows Server 2022
2023-09-21T17:21:44.2938551Z 10.0.20348
2023-09-21T17:21:44.2938830Z Datacenter
2023-09-21T17:21:44.2939121Z ##[endgroup]
2023-09-21T17:21:44.2939382Z ##[group]Runner Image
2023-09-21T17:21:44.2939717Z Image: windows-2022
2023-09-21T17:21:44.2940025Z Version: 20230918.1.0
2023-09-21T17:21:44.2940473Z Included Software: https://github.com/actions/runner-images/blob/win22/20230918.1/images/win/Windows2022-Readme.md
2023-09-21T17:21:44.2941085Z Image Release: https://github.com/actions/runner-images/releases/tag/win22%2F20230918.1
2023-09-21T17:21:44.2941507Z ##[endgroup]
2023-09-21T17:21:44.2941803Z ##[group]Runner Image Provisioner
2023-09-21T17:21:44.2942125Z 2.0.299.1
2023-09-21T17:21:44.2942397Z ##[endgroup]
2023-09-21T17:21:44.2942980Z ##[group]GITHUB_TOKEN Permissions
2023-09-21T17:21:44.2944521Z Contents: read
2023-09-21T17:21:44.2945039Z Metadata: read
2023-09-21T17:21:44.2945403Z ##[endgroup]
2023-09-21T17:21:44.2948877Z Secret source: Actions
2023-09-21T17:21:44.2949353Z Prepare workflow directory
2023-09-21T17:21:44.3864834Z Prepare all required actions
2023-09-21T17:21:44.4056784Z Getting action download info
2023-09-21T17:21:44.5881322Z Download action repository 'actions/download-artifact@v3' (SHA:9bc31d5ccc31df68ecc42ccf4149144866c47d8a)
2023-09-21T17:21:45.1660436Z Download action repository 'actions/setup-python@v4' (SHA:61a6322f88396a6271a6ee3565807d608ecaddd1)
2023-09-21T17:21:45.9129867Z Complete job name: Test 3.9 x64 wheels for windows-latest
2023-09-21T17:21:46.1216996Z ##[group]Run actions/download-artifact@v3
2023-09-21T17:21:46.1217534Z with:
2023-09-21T17:21:46.1217792Z   path: ./wheelhouse/
2023-09-21T17:21:46.1218037Z ##[endgroup]
2023-09-21T17:21:46.5871450Z No artifact name specified, downloading all artifacts
2023-09-21T17:21:46.5871955Z Creating an extra directory for each artifact that is being downloaded
2023-09-21T17:21:46.9657315Z starting download of artifact artifact : 1/1
2023-09-21T17:21:47.1257115Z Total number of files that will be downloaded: 22
2023-09-21T17:21:48.1207119Z Total file count: 22 ---- Processed file #3 (13.6%)
2023-09-21T17:21:49.9394561Z Total file count: 22 ---- Processed file #7 (31.8%)
2023-09-21T17:21:50.1256092Z Total file count: 22 ---- Processed file #11 (50.0%)
2023-09-21T17:21:51.1259063Z Total file count: 22 ---- Processed file #14 (63.6%)
2023-09-21T17:21:52.1254373Z Total file count: 22 ---- Processed file #18 (81.8%)
2023-09-21T17:21:53.1287362Z Total file count: 22 ---- Processed file #21 (95.4%)
2023-09-21T17:21:53.1744442Z There were 1 artifacts downloaded
2023-09-21T17:21:53.1745699Z Artifact artifact was downloaded to D:\a\PyTables\PyTables\wheelhouse\artifact
2023-09-21T17:21:53.1766113Z Artifact download has finished successfully
2023-09-21T17:21:53.2237987Z ##[group]Run actions/setup-python@v4
2023-09-21T17:21:53.2238354Z with:
2023-09-21T17:21:53.2238598Z   python-version: 3.9
2023-09-21T17:21:53.2238838Z   architecture: x64
2023-09-21T17:21:53.2239067Z   check-latest: false
2023-09-21T17:21:53.2239525Z   token: ***
2023-09-21T17:21:53.2239756Z   update-environment: true
2023-09-21T17:21:53.2240024Z   allow-prereleases: false
2023-09-21T17:21:53.2240253Z ##[endgroup]
2023-09-21T17:21:53.4495305Z ##[group]Installed versions
2023-09-21T17:21:53.6332607Z Successfully set up CPython (3.9.13)
2023-09-21T17:21:53.6333664Z ##[endgroup]
2023-09-21T17:21:53.6985186Z ##[group]Run python -m pip install --pre --find-links wheelhouse/artifact/ tables
2023-09-21T17:21:53.6985820Z [36;1mpython -m pip install --pre --find-links wheelhouse/artifact/ tables[0m
2023-09-21T17:21:53.7034791Z shell: C:\Program Files\PowerShell\7\pwsh.EXE -command ". '{0}'"
2023-09-21T17:21:53.7035119Z env:
2023-09-21T17:21:53.7035425Z   pythonLocation: C:\hostedtoolcache\windows\Python\3.9.13\x64
2023-09-21T17:21:53.7035822Z   PKG_CONFIG_PATH: C:\hostedtoolcache\windows\Python\3.9.13\x64/lib/pkgconfig
2023-09-21T17:21:53.7037930Z   Python_ROOT_DIR: C:\hostedtoolcache\windows\Python\3.9.13\x64
2023-09-21T17:21:53.7038308Z   Python2_ROOT_DIR: C:\hostedtoolcache\windows\Python\3.9.13\x64
2023-09-21T17:21:53.7038667Z   Python3_ROOT_DIR: C:\hostedtoolcache\windows\Python\3.9.13\x64
2023-09-21T17:21:53.7038960Z ##[endgroup]
2023-09-21T17:22:09.1563743Z Looking in links: wheelhouse/artifact/
2023-09-21T17:22:10.4355245Z Processing d:\a\pytables\pytables\wheelhouse\artifact\tables-3.8.1.dev0-cp39-cp39-win_amd64.whl
2023-09-21T17:22:10.7984580Z Collecting numpy>=1.19.0 (from tables)
2023-09-21T17:22:10.7987906Z   Obtaining dependency information for numpy>=1.19.0 from https://files.pythonhosted.org/packages/97/43/4cd9dc8c051537ed0613fcfc4229dfb9eb39fe058c8d42632977465bfdb5/numpy-1.26.0-cp39-cp39-win_amd64.whl.metadata
2023-09-21T17:22:10.8761213Z   Downloading numpy-1.26.0-cp39-cp39-win_amd64.whl.metadata (61 kB)
2023-09-21T17:22:10.9124219Z      ---------------------------------------- 61.1/61.1 kB 1.6 MB/s eta 0:00:00
2023-09-21T17:22:11.0265368Z Collecting numexpr>=2.6.2 (from tables)
2023-09-21T17:22:11.0268537Z   Obtaining dependency information for numexpr>=2.6.2 from https://files.pythonhosted.org/packages/22/45/336708903fb50fd460b20e2361237e9b0524863fd2fccf31ac5ec9b391e0/numexpr-2.8.6-cp39-cp39-win_amd64.whl.metadata
2023-09-21T17:22:11.0456668Z   Downloading numexpr-2.8.6-cp39-cp39-win_amd64.whl.metadata (8.2 kB)
2023-09-21T17:22:11.0591630Z Requirement already satisfied: packaging in c:\hostedtoolcache\windows\python\3.9.13\x64\lib\site-packages (from tables) (23.1)
2023-09-21T17:22:11.1088440Z Collecting py-cpuinfo (from tables)
2023-09-21T17:22:11.1268309Z   Downloading py_cpuinfo-9.0.0-py3-none-any.whl (22 kB)
2023-09-21T17:22:11.2042572Z Downloading numexpr-2.8.6-cp39-cp39-win_amd64.whl (94 kB)
2023-09-21T17:22:11.2252168Z    ---------------------------------------- 95.0/95.0 kB 5.3 MB/s eta 0:00:00
2023-09-21T17:22:11.2526367Z Downloading numpy-1.26.0-cp39-cp39-win_amd64.whl (15.8 MB)
2023-09-21T17:22:11.5592782Z    ---------------------------------------- 15.8/15.8 MB 43.5 MB/s eta 0:00:00
2023-09-21T17:22:11.8304620Z Installing collected packages: py-cpuinfo, numpy, numexpr, tables
2023-09-21T17:22:20.7437643Z Successfully installed numexpr-2.8.6 numpy-1.26.0 py-cpuinfo-9.0.0 tables-3.8.1.dev0
2023-09-21T17:22:22.0894840Z ##[group]Run python -m tables.tests.test_all
2023-09-21T17:22:22.0895281Z [36;1mpython -m tables.tests.test_all[0m
2023-09-21T17:22:22.0938620Z shell: C:\Program Files\PowerShell\7\pwsh.EXE -command ". '{0}'"
2023-09-21T17:22:22.0938943Z env:
2023-09-21T17:22:22.0939254Z   pythonLocation: C:\hostedtoolcache\windows\Python\3.9.13\x64
2023-09-21T17:22:22.0939658Z   PKG_CONFIG_PATH: C:\hostedtoolcache\windows\Python\3.9.13\x64/lib/pkgconfig
2023-09-21T17:22:22.0940073Z   Python_ROOT_DIR: C:\hostedtoolcache\windows\Python\3.9.13\x64
2023-09-21T17:22:22.0940461Z   Python2_ROOT_DIR: C:\hostedtoolcache\windows\Python\3.9.13\x64
2023-09-21T17:22:22.0940870Z   Python3_ROOT_DIR: C:\hostedtoolcache\windows\Python\3.9.13\x64
2023-09-21T17:22:22.0941150Z ##[endgroup]
2023-09-21T17:22:25.1358030Z -=-=-=-=-=-=-=-=-=-=-=-=-=-=-=-=-=-=-=-=-=-=-=-=-=-=-=-=-=-=-=-=-=-=-=-=-=-=
2023-09-21T17:22:25.1358710Z PyTables version:    3.8.1.dev0
2023-09-21T17:22:25.1359332Z HDF5 version:        1.12.1
2023-09-21T17:22:25.1359754Z NumPy version:       1.26.0
2023-09-21T17:22:25.1360349Z Numexpr version:     2.8.6 (not using Intel's VML/MKL)
2023-09-21T17:22:25.1360957Z Zlib version:        1.2.12 (in Python interpreter)
2023-09-21T17:22:25.1365343Z Blosc version:       1.21.4 (2023-05-16)
2023-09-21T17:22:25.1365947Z Blosc compressors:   blosclz (2.5.1), lz4 (1.9.4), lz4hc (1.9.4), zlib (1.2.13), zstd (1.5.5)
2023-09-21T17:22:25.1366488Z Blosc filters:       shuffle, bitshuffle
2023-09-21T17:22:25.1367028Z Blosc2 version:      2.10.3 (2023-09-13)
2023-09-21T17:22:25.1367706Z Blosc2 compressors:  blosclz (2.5.3), lz4 (1.9.4), lz4hc (1.9.4), zlib (1.2.11.zlib-ng), zstd (1.5.5)
2023-09-21T17:22:25.1369488Z Blosc2 filters:      shuffle, bitshuffle
2023-09-21T17:22:25.1370044Z Python version:      3.9.13 (tags/v3.9.13:6de2ca5, May 17 2022, 16:36:42) [MSC v.1929 64 bit (AMD64)]
2023-09-21T17:22:25.1370711Z Platform:            Windows-10-10.0.20348-SP0
2023-09-21T17:22:25.1371235Z Byte-ordering:       little
2023-09-21T17:22:25.1371633Z Detected cores:      2
2023-09-21T17:22:25.1372073Z Default encoding:    utf-8
2023-09-21T17:22:25.1372523Z Default FS encoding: utf-8
2023-09-21T17:22:25.1372930Z Default locale:      (en_US, cp1252)
2023-09-21T17:22:25.1373469Z -=-=-=-=-=-=-=-=-=-=-=-=-=-=-=-=-=-=-=-=-=-=-=-=-=-=-=-=-=-=-=-=-=-=-=-=-=-=
2023-09-21T17:22:25.6177774Z C:\hostedtoolcache\windows\Python\3.9.13\x64\lib\site-packages\tables\filters.py:321: FiltersWarning: compression library ``bzip2`` is not available; using ``zlib`` instead
2023-09-21T17:22:25.6178642Z   warnings.warn("compression library ``%s`` is not available; "
2023-09-21T17:22:25.6179708Z C:\hostedtoolcache\windows\Python\3.9.13\x64\lib\site-packages\tables\filters.py:321: FiltersWarning: compression library ``lzo`` is not available; using ``zlib`` instead
2023-09-21T17:22:25.6180391Z   warnings.warn("compression library ``%s`` is not available; "
2023-09-21T17:26:55.6667799Z .....................................................................................................................................................................................................................................................................................................................................................................................................................................................................................................................................................................................s.........................................................................................ss........ss.....................................................................................................sssss.............................................................................................................................................................................................................................................................................................................................................................................................................................................................................................................................................................................................................................................................................................................................................ssssssssssssssssssssssssssssssss................................................................................................................................ssssssssssssssssssssssssssssssssssssssssssssssssssssssssssssssss......................................................................................................................................................................................................................................................................................................................................................................................................................................................................................................................................................................................................................................................................................................................................................ssssss.....................................................................................................................................................................................................................................................................................................................................................................................................................................................sssssss........................................................ssssssssssssssssssssssssssss.....................................................................................................................................................................................ssssssssss............................................................sssss..........ssssssssssssssssssss.......................................................ssssssssss..........ssssssssss...............................................................................................................................................................ssssss............ssssssssssss..............................................................................................................................................................................................s................................................................................................................................................................................................................................................................................................s...s.........................................................................................................................................................................................................................................................................................................................................................................................................................................................................................................................................................................................................................................................................................................................................................................................................................................................................................................................................................................................................................................................................................................................................................................................................................................................................................................................................................................................................................................................................................................................................................................................................................................................................................................................................................................................................................................................................................................................................................................................................ssssssssssssssssssssssssssssssssssssssss....................................................................................................................................................................................................................................................................................................................................................................................................................................................................................................................................................................................................................................................................................................................................................
2023-09-21T17:26:55.6733008Z ----------------------------------------------------------------------
2023-09-21T17:26:55.6733344Z Ran 6711 tests in 269.564s
2023-09-21T17:26:55.6733755Z 
2023-09-21T17:26:55.6733887Z OK (skipped=263)
2023-09-21T17:26:55.6734317Z Performing only a light (yet comprehensive) subset of the test suite.
2023-09-21T17:26:55.6734955Z If you want a more complete test, try passing the --heavy flag to this script
2023-09-21T17:26:55.6735538Z (or set the 'heavy' parameter in case you are using tables.test() call).
2023-09-21T17:26:55.6736020Z The whole suite will take more than 4 hours to complete on a relatively
2023-09-21T17:26:55.6736400Z modern CPU and around 512 MB of main memory.
2023-09-21T17:26:55.6736829Z -=-=-=-=-=-=-=-=-=-=-=-=-=-=-=-=-=-=-=-=-=-=-=-=-=-=-=-=-=-=-=-=-=-=-=-=-=-=
2023-09-21T17:26:56.2111056Z Post job cleanup.
2023-09-21T17:26:56.4401208Z Cleaning up orphan processes
