2023-09-21T17:21:33.8674002Z Requested labels: windows-latest
2023-09-21T17:21:33.8674321Z Job defined at: PyTables/PyTables/.github/workflows/wheels.yml@refs/heads/releases/v3.9.0
2023-09-21T17:21:33.8674474Z Waiting for a runner to pick up this job...
2023-09-21T17:21:35.4787907Z Job is waiting for a hosted runner to come online.
2023-09-21T17:21:41.9886547Z Job is about to start running on the hosted runner: GitHub Actions 12 (hosted)
2023-09-21T17:21:46.1550395Z Current runner version: '2.309.0'
2023-09-21T17:21:46.1580938Z ##[group]Operating System
2023-09-21T17:21:46.1581540Z Microsoft Windows Server 2022
2023-09-21T17:21:46.1581872Z 10.0.20348
2023-09-21T17:21:46.1582195Z Datacenter
2023-09-21T17:21:46.1582522Z ##[endgroup]
2023-09-21T17:21:46.1582845Z ##[group]Runner Image
2023-09-21T17:21:46.1583217Z Image: windows-2022
2023-09-21T17:21:46.1583605Z Version: 20230918.1.0
2023-09-21T17:21:46.1584133Z Included Software: https://github.com/actions/runner-images/blob/win22/20230918.1/images/win/Windows2022-Readme.md
2023-09-21T17:21:46.1584842Z Image Release: https://github.com/actions/runner-images/releases/tag/win22%2F20230918.1
2023-09-21T17:21:46.1585349Z ##[endgroup]
2023-09-21T17:21:46.1585678Z ##[group]Runner Image Provisioner
2023-09-21T17:21:46.1586110Z 2.0.299.1
2023-09-21T17:21:46.1586440Z ##[endgroup]
2023-09-21T17:21:46.1587131Z ##[group]GITHUB_TOKEN Permissions
2023-09-21T17:21:46.1588927Z Contents: read
2023-09-21T17:21:46.1589603Z Metadata: read
2023-09-21T17:21:46.1590119Z ##[endgroup]
2023-09-21T17:21:46.1594048Z Secret source: Actions
2023-09-21T17:21:46.1594672Z Prepare workflow directory
2023-09-21T17:21:46.2484439Z Prepare all required actions
2023-09-21T17:21:46.2685140Z Getting action download info
2023-09-21T17:21:46.5221801Z Download action repository 'actions/download-artifact@v3' (SHA:9bc31d5ccc31df68ecc42ccf4149144866c47d8a)
2023-09-21T17:21:47.2208059Z Download action repository 'actions/setup-python@v4' (SHA:61a6322f88396a6271a6ee3565807d608ecaddd1)
2023-09-21T17:21:48.0583800Z Complete job name: Test 3.11 x64 wheels for windows-latest
2023-09-21T17:21:48.3159392Z ##[group]Run actions/download-artifact@v3
2023-09-21T17:21:48.3159847Z with:
2023-09-21T17:21:48.3160080Z   path: ./wheelhouse/
2023-09-21T17:21:48.3160306Z ##[endgroup]
2023-09-21T17:21:49.1918628Z No artifact name specified, downloading all artifacts
2023-09-21T17:21:49.1919166Z Creating an extra directory for each artifact that is being downloaded
2023-09-21T17:21:50.1862724Z starting download of artifact artifact : 1/1
2023-09-21T17:21:50.1863519Z Total number of files that will be downloaded: 22
2023-09-21T17:21:51.0363395Z Total file count: 22 ---- Processed file #1 (4.5%)
2023-09-21T17:21:52.0417369Z Total file count: 22 ---- Processed file #7 (31.8%)
2023-09-21T17:21:53.0503652Z Total file count: 22 ---- Processed file #11 (50.0%)
2023-09-21T17:21:54.0503131Z Total file count: 22 ---- Processed file #15 (68.1%)
2023-09-21T17:21:55.0504750Z Total file count: 22 ---- Processed file #19 (86.3%)
2023-09-21T17:21:55.7421107Z There were 1 artifacts downloaded
2023-09-21T17:21:55.7422697Z Artifact artifact was downloaded to D:\a\PyTables\PyTables\wheelhouse\artifact
2023-09-21T17:21:55.7442756Z Artifact download has finished successfully
2023-09-21T17:21:55.7908337Z ##[group]Run actions/setup-python@v4
2023-09-21T17:21:55.7908702Z with:
2023-09-21T17:21:55.7908908Z   python-version: 3.11
2023-09-21T17:21:55.7909148Z   architecture: x64
2023-09-21T17:21:55.7909414Z   check-latest: false
2023-09-21T17:21:55.7909800Z   token: ***
2023-09-21T17:21:55.7910020Z   update-environment: true
2023-09-21T17:21:55.7910273Z   allow-prereleases: false
2023-09-21T17:21:55.7910496Z ##[endgroup]
2023-09-21T17:21:56.0482277Z ##[group]Installed versions
2023-09-21T17:21:56.1490800Z Successfully set up CPython (3.11.5)
2023-09-21T17:21:56.1491754Z ##[endgroup]
2023-09-21T17:21:56.1808505Z ##[group]Run python -m pip install --pre --find-links wheelhouse/artifact/ tables
2023-09-21T17:21:56.1809106Z [36;1mpython -m pip install --pre --find-links wheelhouse/artifact/ tables[0m
2023-09-21T17:21:56.2070151Z shell: C:\Program Files\PowerShell\7\pwsh.EXE -command ". '{0}'"
2023-09-21T17:21:56.2070487Z env:
2023-09-21T17:21:56.2070786Z   pythonLocation: C:\hostedtoolcache\windows\Python\3.11.5\x64
2023-09-21T17:21:56.2071186Z   PKG_CONFIG_PATH: C:\hostedtoolcache\windows\Python\3.11.5\x64/lib/pkgconfig
2023-09-21T17:21:56.2071590Z   Python_ROOT_DIR: C:\hostedtoolcache\windows\Python\3.11.5\x64
2023-09-21T17:21:56.2073611Z   Python2_ROOT_DIR: C:\hostedtoolcache\windows\Python\3.11.5\x64
2023-09-21T17:21:56.2073972Z   Python3_ROOT_DIR: C:\hostedtoolcache\windows\Python\3.11.5\x64
2023-09-21T17:21:56.2074273Z ##[endgroup]
2023-09-21T17:22:10.5105056Z Looking in links: wheelhouse/artifact/
2023-09-21T17:22:11.6866650Z Processing d:\a\pytables\pytables\wheelhouse\artifact\tables-3.8.1.dev0-cp311-cp311-win_amd64.whl
2023-09-21T17:22:12.0421220Z Collecting numpy>=1.19.0 (from tables)
2023-09-21T17:22:12.0424467Z   Obtaining dependency information for numpy>=1.19.0 from https://files.pythonhosted.org/packages/93/fd/3f826c6d15d3bdcf65b8031e4835c52b7d9c45add25efa2314b53850e1a2/numpy-1.26.0-cp311-cp311-win_amd64.whl.metadata
2023-09-21T17:22:12.3039602Z   Downloading numpy-1.26.0-cp311-cp311-win_amd64.whl.metadata (61 kB)
2023-09-21T17:22:12.3925523Z      -------------------------------------- 61.1/61.1 kB 651.8 kB/s eta 0:00:00
2023-09-21T17:22:12.4953523Z Collecting numexpr>=2.6.2 (from tables)
2023-09-21T17:22:12.4956828Z   Obtaining dependency information for numexpr>=2.6.2 from https://files.pythonhosted.org/packages/b1/7a/d75f9d2cf4f473601813680abb59b65e7d534671b5ab134f09978eb41883/numexpr-2.8.6-cp311-cp311-win_amd64.whl.metadata
2023-09-21T17:22:12.5091726Z   Downloading numexpr-2.8.6-cp311-cp311-win_amd64.whl.metadata (8.2 kB)
2023-09-21T17:22:12.5692549Z Collecting packaging (from tables)
2023-09-21T17:22:12.5799418Z   Downloading packaging-23.1-py3-none-any.whl (48 kB)
2023-09-21T17:22:12.6010156Z      ---------------------------------------- 48.9/48.9 kB 1.2 MB/s eta 0:00:00
2023-09-21T17:22:12.6403105Z Collecting py-cpuinfo (from tables)
2023-09-21T17:22:12.6505358Z   Downloading py_cpuinfo-9.0.0-py3-none-any.whl (22 kB)
2023-09-21T17:22:12.6976847Z Downloading numexpr-2.8.6-cp311-cp311-win_amd64.whl (94 kB)
2023-09-21T17:22:12.7245898Z    ---------------------------------------- 95.0/95.0 kB 2.6 MB/s eta 0:00:00
2023-09-21T17:22:12.7381305Z Downloading numpy-1.26.0-cp311-cp311-win_amd64.whl (15.8 MB)
2023-09-21T17:22:12.9809176Z    ---------------------------------------- 15.8/15.8 MB 54.4 MB/s eta 0:00:00
2023-09-21T17:22:13.1176822Z Installing collected packages: py-cpuinfo, packaging, numpy, numexpr, tables
2023-09-21T17:22:18.2607299Z Successfully installed numexpr-2.8.6 numpy-1.26.0 packaging-23.1 py-cpuinfo-9.0.0 tables-3.8.1.dev0
2023-09-21T17:22:19.7647048Z ##[group]Run python -m tables.tests.test_all
2023-09-21T17:22:19.7647461Z [36;1mpython -m tables.tests.test_all[0m
2023-09-21T17:22:19.7690096Z shell: C:\Program Files\PowerShell\7\pwsh.EXE -command ". '{0}'"
2023-09-21T17:22:19.7690414Z env:
2023-09-21T17:22:19.7690725Z   pythonLocation: C:\hostedtoolcache\windows\Python\3.11.5\x64
2023-09-21T17:22:19.7691132Z   PKG_CONFIG_PATH: C:\hostedtoolcache\windows\Python\3.11.5\x64/lib/pkgconfig
2023-09-21T17:22:19.7691548Z   Python_ROOT_DIR: C:\hostedtoolcache\windows\Python\3.11.5\x64
2023-09-21T17:22:19.7691939Z   Python2_ROOT_DIR: C:\hostedtoolcache\windows\Python\3.11.5\x64
2023-09-21T17:22:19.7692342Z   Python3_ROOT_DIR: C:\hostedtoolcache\windows\Python\3.11.5\x64
2023-09-21T17:22:19.7692612Z ##[endgroup]
2023-09-21T17:22:22.5845261Z -=-=-=-=-=-=-=-=-=-=-=-=-=-=-=-=-=-=-=-=-=-=-=-=-=-=-=-=-=-=-=-=-=-=-=-=-=-=
2023-09-21T17:22:22.5845885Z PyTables version:    3.8.1.dev0
2023-09-21T17:22:22.5846420Z HDF5 version:        1.12.1
2023-09-21T17:22:22.5846921Z NumPy version:       1.26.0
2023-09-21T17:22:22.5851386Z Numexpr version:     2.8.6 (not using Intel's VML/MKL)
2023-09-21T17:22:22.5851951Z Zlib version:        1.2.13 (in Python interpreter)
2023-09-21T17:22:22.5852450Z Blosc version:       1.21.4 (2023-05-16)
2023-09-21T17:22:22.5852918Z Blosc compressors:   blosclz (2.5.1), lz4 (1.9.4), lz4hc (1.9.4), zlib (1.2.13), zstd (1.5.5)
2023-09-21T17:22:22.5853367Z Blosc filters:       shuffle, bitshuffle
2023-09-21T17:22:22.5853824Z Blosc2 version:      2.10.3 (2023-09-13)
2023-09-21T17:22:22.5854432Z Blosc2 compressors:  blosclz (2.5.3), lz4 (1.9.4), lz4hc (1.9.4), zlib (1.2.11.zlib-ng), zstd (1.5.5)
2023-09-21T17:22:22.5855926Z Blosc2 filters:      shuffle, bitshuffle
2023-09-21T17:22:22.5856406Z Python version:      3.11.5 (tags/v3.11.5:cce6ba9, Aug 24 2023, 14:38:34) [MSC v.1936 64 bit (AMD64)]
2023-09-21T17:22:22.5856983Z Platform:            Windows-10-10.0.20348-SP0
2023-09-21T17:22:22.5857442Z Byte-ordering:       little
2023-09-21T17:22:22.5857781Z Detected cores:      2
2023-09-21T17:22:22.5858164Z Default encoding:    utf-8
2023-09-21T17:22:22.5858557Z Default FS encoding: utf-8
2023-09-21T17:22:22.5858931Z Default locale:      (en_US, cp1252)
2023-09-21T17:22:22.5859380Z -=-=-=-=-=-=-=-=-=-=-=-=-=-=-=-=-=-=-=-=-=-=-=-=-=-=-=-=-=-=-=-=-=-=-=-=-=-=
2023-09-21T17:22:23.3660243Z C:\hostedtoolcache\windows\Python\3.11.5\x64\Lib\site-packages\tables\filters.py:321: FiltersWarning: compression library ``bzip2`` is not available; using ``zlib`` instead
2023-09-21T17:22:23.3661104Z   warnings.warn("compression library ``%s`` is not available; "
2023-09-21T17:22:23.3662114Z C:\hostedtoolcache\windows\Python\3.11.5\x64\Lib\site-packages\tables\filters.py:321: FiltersWarning: compression library ``lzo`` is not available; using ``zlib`` instead
2023-09-21T17:22:23.3662757Z   warnings.warn("compression library ``%s`` is not available; "
2023-09-21T17:26:42.2872058Z .....................................................................................................................................................................................................................................................................................................................................................................................................................................................................................................................................................................................s.........................................................................................ss........ss.....................................................................................................sssss.............................................................................................................................................................................................................................................................................................................................................................................................................................................................................................................................................................................................................................................................................................................................................ssssssssssssssssssssssssssssssss................................................................................................................................ssssssssssssssssssssssssssssssssssssssssssssssssssssssssssssssss......................................................................................................................................................................................................................................................................................................................................................................................................................................................................................................................................................................................................................................................................................................................................................ssssss.....................................................................................................................................................................................................................................................................................................................................................................................................................................................sssssss........................................................ssssssssssssssssssssssssssss.....................................................................................................................................................................................ssssssssss............................................................sssss..........ssssssssssssssssssss.......................................................ssssssssss..........ssssssssss...............................................................................................................................................................ssssss............ssssssssssss..............................................................................................................................................................................................s................................................................................................................................................................................................................................................................................................s...s.........................................................................................................................................................................................................................................................................................................................................................................................................................................................................................................................................................................................................................................................................................................................................................................................................................................................................................................................................................................................................................................................................................................................................................................................................................................................................................................................................................................................................................................................................................................................................................................................................................................................................................................................................................................................................................................................................................................................................................................................................ssssssssssssssssssssssssssssssssssssssss....................................................................................................................................................................................................................................................................................................................................................................................................................................................................................................................................................................................................................................................................................................................................................
2023-09-21T17:26:42.2941944Z ----------------------------------------------------------------------
2023-09-21T17:26:42.2942717Z Performing only a light (yet comprehensive) subset of the test suite.
2023-09-21T17:26:42.2943347Z Ran 6711 tests in 258.526s
2023-09-21T17:26:42.2943880Z If you want a more complete test, try passing the --heavy flag to this script
2023-09-21T17:26:42.2944258Z 
2023-09-21T17:26:42.2944517Z (or set the 'heavy' parameter in case you are using tables.test() call).
2023-09-21T17:26:42.2945004Z OK (skipped=263)
2023-09-21T17:26:42.2945388Z The whole suite will take more than 4 hours to complete on a relatively
2023-09-21T17:26:42.2945943Z modern CPU and around 512 MB of main memory.
2023-09-21T17:26:42.2946404Z -=-=-=-=-=-=-=-=-=-=-=-=-=-=-=-=-=-=-=-=-=-=-=-=-=-=-=-=-=-=-=-=-=-=-=-=-=-=
2023-09-21T17:26:42.9044205Z Post job cleanup.
2023-09-21T17:26:43.1336383Z Cleaning up orphan processes
